$ wavesleuth-devito active-demo --out-dir wavesleuth_v1_audit_20260816T191644Z/active/active_uncertainty --strategy uncertainty --rounds 3 --candidate-grid-size 5 --refine-levels 1 --quiet

{
  "candidate_grid_size": 5,
  "created_utc": "2026-08-16T19:17:25+00:00",
  "figures": {
    "answer_world": "wavesleuth_v1_audit_20260816T191644Z/active/active_uncertainty/figures/answer_world.png",
    "progress": "wavesleuth_v1_audit_20260816T191644Z/active/active_uncertainty/figures/active_progress.png",
    "source_layout": "wavesleuth_v1_audit_20260816T191644Z/active/active_uncertainty/figures/active_source_layout.png"
  },
  "final_physical_score": {
    "anomaly_velocity_error": 0.0,
    "best_mismatch": 1.0510113239746248,
    "center_error": 0.05635601297434264,
    "contrast_error": 0.0,
    "iou": 0.5496688741721855,
    "normalized_center_error": 0.039849718934794734,
    "predicted_anomaly_velocity": 2.2,
    "radius_error": 0.0,
    "reconstruction_score": 0.5496688741721855,
    "relative_anomaly_velocity_error": 0.0,
    "relative_contrast_error": 0.0,
    "relative_velocity_error": 0.0,
    "supported": true,
    "true_anomaly_velocity": 2.2,
    "velocity_error": 0.0
  },
  "final_reconstruction_score": 0.5496688741721855,
  "final_uncertainty_summary": {
    "center_effective_candidates": 37.00601699062456,
    "center_entropy_effective_candidates": 38.59517307262686,
    "center_top_probability": 0.030107392408697756,
    "duplicate_center_candidates": 1,
    "effective_candidates": 39.584487433446235,
    "n_candidates": 50,
    "n_centers": 49,
    "supported": true,
    "temperature": 34.56260935313265,
    "top_3_center_probability_mass": 0.09029079328670463,
    "top_5_center_probability_mass": 0.15003164636450886,
    "top_center": {
      "center_x": 0.5,
      "center_z": 0.546,
      "mismatch": 1.0510113239746248,
      "probability": 0.030107392408697756
    }
  },
  "initial_reconstruction_score": 0.0,
  "kind": "circle",
  "mode": "active-demo",
  "noise_level": 0.0,
  "notes": [
    "v0.7.2 active-demo is a deterministic heuristic active-sensing loop.",
    "It re-simulates cumulative sequential shots each round instead of storing incremental shot updates.",
    "Sequential active run files use a stable (shot, time, receiver) trace layout, including one-shot rounds.",
    "The selected next source is based on geometric spread and reconstruction uncertainty, not optimal experimental design."
  ],
  "pool_preset": "boundary-8",
  "project": "WaveSleuth-Devito",
  "refine_levels": 1,
  "report_path": "wavesleuth_v1_audit_20260816T191644Z/active/active_uncertainty/reports/active_report.html",
  "round_count": 3,
  "rounds": [
    {
      "best_candidate": {
        "anomaly_velocity": 2.2,
        "center_x": 0.776,
        "center_z": 0.592,
        "mismatch": 0.235793,
        "radius": 0.12
      },
      "figures": {
        "reconstruction": "wavesleuth_v1_audit_20260816T191644Z/active/active_uncertainty/figures/round_01_reconstruction.png",
        "traces": "wavesleuth_v1_audit_20260816T191644Z/active/active_uncertainty/figures/round_01_traces.png",
        "uncertainty": "wavesleuth_v1_audit_20260816T191644Z/active/active_uncertainty/figures/round_01_uncertainty.png",
        "world": "wavesleuth_v1_audit_20260816T191644Z/active/active_uncertainty/figures/round_01_world.png"
      },
      "n_sources": 1,
      "physical_score": {
        "anomaly_velocity_error": 0.0,
        "best_mismatch": 0.23579305594726135,
        "center_error": 0.23719187275873038,
        "contrast_error": 0.0,
        "iou": 0.0,
        "normalized_center_error": 0.16771998167003496,
        "predicted_anomaly_velocity": 2.2,
        "radius_error": 0.0,
        "reconstruction_score": 0.0,
        "relative_anomaly_velocity_error": 0.0,
        "relative_contrast_error": 0.0,
        "relative_velocity_error": 0.0,
        "supported": true,
        "true_anomaly_velocity": 2.2,
        "velocity_error": 0.0
      },
      "reconstruction_path": "wavesleuth_v1_audit_20260816T191644Z/active/active_uncertainty/runs/round_01_recon.json",
      "round": 1,
      "run_path": "wavesleuth_v1_audit_20260816T191644Z/active/active_uncertainty/runs/round_01_obs.npz",
      "selected_next_source": {
        "distance_to_estimated_center": 0.10540315132038346,
        "estimated_center": {
          "center_effective_candidates": 35.78702349156135,
          "center_x": 0.7731322702856726,
          "center_z": 0.6784971218385998,
          "source": "uncertainty-weighted-center",
          "top_center_probability": 0.028971652808930954,
          "top_center_x": 0.77599996,
          "top_center_z": 0.59200001
        },
        "min_distance_to_existing_sources": 0.6399999999999999,
        "ranked_candidates": [
          {
            "distance_to_estimated_center": 0.10540315132038346,
            "estimated_center": {
              "center_effective_candidates": 35.78702349156135,
              "center_x": 0.7731322702856726,
              "center_z": 0.6784971218385998,
              "source": "uncertainty-weighted-center",
              "top_center_probability": 0.028971652808930954,
              "top_center_x": 0.77599996,
              "top_center_z": 0.59200001
            },
            "min_distance_to_existing_sources": 0.6399999999999999,
            "selection_score": 0.5808911029621341,
            "strategy": "uncertainty",
            "x": 0.82,
            "z": 0.82
          },
          {
            "distance_to_estimated_center": 0.4311780111405242,
            "estimated_center": {
              "center_effective_candidates": 35.78702349156135,
              "center_x": 0.7731322702856726,
              "center_z": 0.6784971218385998,
              "source": "uncertainty-weighted-center",
              "top_center_probability": 0.028971652808930954,
              "top_center_x": 0.77599996,
              "top_center_z": 0.59200001
            },
            "min_distance_to_existing_sources": 0.4525483399593903,
            "selection_score": 0.5355783928646652,
            "strategy": "uncertainty",
            "x": 0.18,
            "z": 0.82
          },
          {
            "distance_to_estimated_center": 0.23188847734663073,
            "estimated_center": {
              "center_effective_candidates": 35.78702349156135,
              "center_x": 0.7731322702856726,
              "center_z": 0.6784971218385998,
              "source": "uncertainty-weighted-center",
              "top_center_probability": 0.028971652808930954,
              "top_center_x": 0.77599996,
              "top_center_z": 0.59200001
            },
            "min_distance_to_existing_sources": 0.5314132102234569,
            "selection_score": 0.5328621957612591,
            "strategy": "uncertainty",
            "x": 0.5,
            "z": 0.86
          },
          {
            "distance_to_estimated_center": 0.3540451698370866,
            "estimated_center": {
              "center_effective_candidates": 35.78702349156135,
              "center_x": 0.7731322702856726,
              "center_z": 0.6784971218385998,
              "source": "uncertainty-weighted-center",
              "top_center_probability": 0.028971652808930954,
              "top_center_x": 0.77599996,
              "top_center_z": 0.59200001
            },
            "min_distance_to_existing_sources": 0.4525483399593903,
            "selection_score": 0.5085818984084621,
            "strategy": "uncertainty",
            "x": 0.82,
            "z": 0.18
          },
          {
            "distance_to_estimated_center": 0.14036955683193092,
            "estimated_center": {
              "center_effective_candidates": 35.78702349156135,
              "center_x": 0.7731322702856726,
              "center_z": 0.6784971218385998,
              "source": "uncertainty-weighted-center",
              "top_center_probability": 0.028971652808930954,
              "top_center_x": 0.77599996,
              "top_center_z": 0.59200001
            },
            "min_distance_to_existing_sources": 0.5314132102234569,
            "selection_score": 0.5008305735811142,
            "strategy": "uncertainty",
            "x": 0.86,
            "z": 0.5
          },
          {
            "distance_to_estimated_center": 0.4651438993374813,
            "estimated_center": {
              "center_effective_candidates": 35.78702349156135,
              "center_x": 0.7731322702856726,
              "center_z": 0.6784971218385998,
              "source": "uncertainty-weighted-center",
              "top_center_probability": 0.028971652808930954,
              "top_center_x": 0.77599996,
              "top_center_z": 0.59200001
            },
            "min_distance_to_existing_sources": 0.22803508501982758,
            "selection_score": 0.3566301870349719,
            "strategy": "uncertainty",
            "x": 0.14,
            "z": 0.5
          },
          {
            "distance_to_estimated_center": 0.42695455689093037,
            "estimated_center": {
              "center_effective_candidates": 35.78702349156135,
              "center_x": 0.7731322702856726,
              "center_z": 0.6784971218385998,
              "source": "uncertainty-weighted-center",
              "top_center_probability": 0.028971652808930954,
              "top_center_x": 0.77599996,
              "top_center_z": 0.59200001
            },
            "min_distance_to_existing_sources": 0.22803508501982758,
            "selection_score": 0.3432639171786791,
            "strategy": "uncertainty",
            "x": 0.5,
            "z": 0.14
          }
        ],
        "selection_score": 0.5808911029621341,
        "strategy": "uncertainty",
        "x": 0.82,
        "z": 0.82
      },
      "sources": [
        {
          "x": 0.18,
          "z": 0.18
        }
      ],
      "trace_metadata": {
        "active_trace_shape_standard": true,
        "available": true,
        "layout": "shot_time_receiver",
        "n_receivers": 12,
        "n_shots": 1,
        "ndim": 3,
        "nt": 340,
        "shape": [
          1,
          340,
          12
        ]
      },
      "uncertainty_summary": {
        "center_effective_candidates": 35.78702349156135,
        "center_entropy_effective_candidates": 36.44525587165666,
        "center_top_probability": 0.028971652808930954,
        "duplicate_center_candidates": 1,
        "effective_candidates": 37.44376811432301,
        "n_candidates": 50,
        "n_centers": 49,
        "supported": true,
        "temperature": 37.44919086821663,
        "top_3_center_probability_mass": 0.08691459167701679,
        "top_5_center_probability_mass": 0.14485716272079976,
        "top_center": {
          "center_x": 0.77599996,
          "center_z": 0.59200001,
          "mismatch": 0.23579305594726135,
          "probability": 0.028971652808930954
        }
      },
      "world_path": "wavesleuth_v1_audit_20260816T191644Z/active/active_uncertainty/rounds/round_01/world.json"
    },
    {
      "best_candidate": {
        "anomaly_velocity": 2.2,
        "center_x": 0.592,
        "center_z": 0.454,
        "mismatch": 1.065926,
        "radius": 0.12
      },
      "figures": {
        "reconstruction": "wavesleuth_v1_audit_20260816T191644Z/active/active_uncertainty/figures/round_02_reconstruction.png",
        "traces": "wavesleuth_v1_audit_20260816T191644Z/active/active_uncertainty/figures/round_02_traces.png",
        "uncertainty": "wavesleuth_v1_audit_20260816T191644Z/active/active_uncertainty/figures/round_02_uncertainty.png",
        "world": "wavesleuth_v1_audit_20260816T191644Z/active/active_uncertainty/figures/round_02_world.png"
      },
      "n_sources": 2,
      "physical_score": {
        "anomaly_velocity_error": 0.0,
        "best_mismatch": 1.0659264492287501,
        "center_error": 0.07823043617678001,
        "contrast_error": 0.0,
        "iou": 0.42424242424242425,
        "normalized_center_error": 0.05531727191578255,
        "predicted_anomaly_velocity": 2.2,
        "radius_error": 0.0,
        "reconstruction_score": 0.42424242424242425,
        "relative_anomaly_velocity_error": 0.0,
        "relative_contrast_error": 0.0,
        "relative_velocity_error": 0.0,
        "supported": true,
        "true_anomaly_velocity": 2.2,
        "velocity_error": 0.0
      },
      "reconstruction_path": "wavesleuth_v1_audit_20260816T191644Z/active/active_uncertainty/runs/round_02_recon.json",
      "round": 2,
      "run_path": "wavesleuth_v1_audit_20260816T191644Z/active/active_uncertainty/runs/round_02_obs.npz",
      "selected_next_source": {
        "distance_to_estimated_center": 0.32017021767491477,
        "estimated_center": {
          "center_effective_candidates": 38.098122040443755,
          "center_x": 0.4998747431697931,
          "center_z": 0.5002151722067503,
          "source": "uncertainty-weighted-center",
          "top_center_probability": 0.0292781736933638,
          "top_center_x": 0.59200001,
          "top_center_z": 0.454
        },
        "min_distance_to_existing_sources": 0.4525483399593903,
        "ranked_candidates": [
          {
            "distance_to_estimated_center": 0.32017021767491477,
            "estimated_center": {
              "center_effective_candidates": 38.098122040443755,
              "center_x": 0.4998747431697931,
              "center_z": 0.5002151722067503,
              "source": "uncertainty-weighted-center",
              "top_center_probability": 0.0292781736933638,
              "top_center_x": 0.59200001,
              "top_center_z": 0.454
            },
            "min_distance_to_existing_sources": 0.4525483399593903,
            "selection_score": 0.4967256651517019,
            "strategy": "uncertainty",
            "x": 0.82,
            "z": 0.18
          },
          {
            "distance_to_estimated_center": 0.31982978864131734,
            "estimated_center": {
              "center_effective_candidates": 38.098122040443755,
              "center_x": 0.4998747431697931,
              "center_z": 0.5002151722067503,
              "source": "uncertainty-weighted-center",
              "top_center_probability": 0.0292781736933638,
              "top_center_x": 0.59200001,
              "top_center_z": 0.454
            },
            "min_distance_to_existing_sources": 0.4525483399593903,
            "selection_score": 0.4966065149899429,
            "strategy": "uncertainty",
            "x": 0.18,
            "z": 0.82
          },
          {
            "distance_to_estimated_center": 0.2547106063527903,
            "estimated_center": {
              "center_effective_candidates": 38.098122040443755,
              "center_x": 0.4998747431697931,
              "center_z": 0.5002151722067503,
              "source": "uncertainty-weighted-center",
              "top_center_probability": 0.0292781736933638,
              "top_center_x": 0.59200001,
              "top_center_z": 0.454
            },
            "min_distance_to_existing_sources": 0.22803508501982758,
            "selection_score": 0.313316347010693,
            "strategy": "uncertainty",
            "x": 0.5,
            "z": 0.14
          },
          {
            "distance_to_estimated_center": 0.2546470566353566,
            "estimated_center": {
              "center_effective_candidates": 38.098122040443755,
              "center_x": 0.4998747431697931,
              "center_z": 0.5002151722067503,
              "source": "uncertainty-weighted-center",
              "top_center_probability": 0.0292781736933638,
              "top_center_x": 0.59200001,
              "top_center_z": 0.454
            },
            "min_distance_to_existing_sources": 0.22803508501982755,
            "selection_score": 0.3132941046095912,
            "strategy": "uncertainty",
            "x": 0.86,
            "z": 0.5
          },
          {
            "distance_to_estimated_center": 0.2544699167589394,
            "estimated_center": {
              "center_effective_candidates": 38.098122040443755,
              "center_x": 0.4998747431697931,
              "center_z": 0.5002151722067503,
              "source": "uncertainty-weighted-center",
              "top_center_probability": 0.0292781736933638,
              "top_center_x": 0.59200001,
              "top_center_z": 0.454
            },
            "min_distance_to_existing_sources": 0.22803508501982758,
            "selection_score": 0.3132321056528452,
            "strategy": "uncertainty",
            "x": 0.14,
            "z": 0.5
          },
          {
            "distance_to_estimated_center": 0.2544063069181775,
            "estimated_center": {
              "center_effective_candidates": 38.098122040443755,
              "center_x": 0.4998747431697931,
              "center_z": 0.5002151722067503,
              "source": "uncertainty-weighted-center",
              "top_center_probability": 0.0292781736933638,
              "top_center_x": 0.59200001,
              "top_center_z": 0.454
            },
            "min_distance_to_existing_sources": 0.22803508501982755,
            "selection_score": 0.3132098422085785,
            "strategy": "uncertainty",
            "x": 0.5,
            "z": 0.86
          }
        ],
        "selection_score": 0.4967256651517019,
        "strategy": "uncertainty",
        "x": 0.82,
        "z": 0.18
      },
      "sources": [
        {
          "x": 0.18,
          "z": 0.18
        },
        {
          "x": 0.82,
          "z": 0.82
        }
      ],
      "trace_metadata": {
        "active_trace_shape_standard": true,
        "available": true,
        "layout": "shot_time_receiver",
        "n_receivers": 12,
        "n_shots": 2,
        "ndim": 3,
        "nt": 340,
        "shape": [
          2,
          340,
          12
        ]
      },
      "uncertainty_summary": {
        "center_effective_candidates": 38.098122040443755,
        "center_entropy_effective_candidates": 39.765232339621654,
        "center_top_probability": 0.0292781736933638,
        "duplicate_center_candidates": 1,
        "effective_candidates": 40.75415708381138,
        "n_candidates": 50,
        "n_centers": 49,
        "supported": true,
        "temperature": 29.511831675420787,
        "top_3_center_probability_mass": 0.0877898440084069,
        "top_5_center_probability_mass": 0.14610889599994314,
        "top_center": {
          "center_x": 0.59200001,
          "center_z": 0.454,
          "mismatch": 1.0659264492287501,
          "probability": 0.0292781736933638
        }
      },
      "world_path": "wavesleuth_v1_audit_20260816T191644Z/active/active_uncertainty/rounds/round_02/world.json"
    },
    {
      "best_candidate": {
        "anomaly_velocity": 2.2,
        "center_x": 0.5,
        "center_z": 0.546,
        "mismatch": 1.051011,
        "radius": 0.12
      },
      "figures": {
        "reconstruction": "wavesleuth_v1_audit_20260816T191644Z/active/active_uncertainty/figures/round_03_reconstruction.png",
        "traces": "wavesleuth_v1_audit_20260816T191644Z/active/active_uncertainty/figures/round_03_traces.png",
        "uncertainty": "wavesleuth_v1_audit_20260816T191644Z/active/active_uncertainty/figures/round_03_uncertainty.png",
        "world": "wavesleuth_v1_audit_20260816T191644Z/active/active_uncertainty/figures/round_03_world.png"
      },
      "n_sources": 3,
      "physical_score": {
        "anomaly_velocity_error": 0.0,
        "best_mismatch": 1.0510113239746248,
        "center_error": 0.05635601297434264,
        "contrast_error": 0.0,
        "iou": 0.5496688741721855,
        "normalized_center_error": 0.039849718934794734,
        "predicted_anomaly_velocity": 2.2,
        "radius_error": 0.0,
        "reconstruction_score": 0.5496688741721855,
        "relative_anomaly_velocity_error": 0.0,
        "relative_contrast_error": 0.0,
        "relative_velocity_error": 0.0,
        "supported": true,
        "true_anomaly_velocity": 2.2,
        "velocity_error": 0.0
      },
      "reconstruction_path": "wavesleuth_v1_audit_20260816T191644Z/active/active_uncertainty/runs/round_03_recon.json",
      "round": 3,
      "run_path": "wavesleuth_v1_audit_20260816T191644Z/active/active_uncertainty/runs/round_03_obs.npz",
      "selected_next_source": null,
      "sources": [
        {
          "x": 0.18,
          "z": 0.18
        },
        {
          "x": 0.82,
          "z": 0.82
        },
        {
          "x": 0.82,
          "z": 0.18
        }
      ],
      "trace_metadata": {
        "active_trace_shape_standard": true,
        "available": true,
        "layout": "shot_time_receiver",
        "n_receivers": 12,
        "n_shots": 3,
        "ndim": 3,
        "nt": 340,
        "shape": [
          3,
          340,
          12
        ]
      },
      "uncertainty_summary": {
        "center_effective_candidates": 37.00601699062456,
        "center_entropy_effective_candidates": 38.59517307262686,
        "center_top_probability": 0.030107392408697756,
        "duplicate_center_candidates": 1,
        "effective_candidates": 39.584487433446235,
        "n_candidates": 50,
        "n_centers": 49,
        "supported": true,
        "temperature": 34.56260935313265,
        "top_3_center_probability_mass": 0.09029079328670463,
        "top_5_center_probability_mass": 0.15003164636450886,
        "top_center": {
          "center_x": 0.5,
          "center_z": 0.546,
          "mismatch": 1.0510113239746248,
          "probability": 0.030107392408697756
        }
      },
      "world_path": "wavesleuth_v1_audit_20260816T191644Z/active/active_uncertainty/rounds/round_03/world.json"
    }
  ],
  "runtime_seconds": 5.160845167000048,
  "score_delta": 0.5496688741721855,
  "secret_world_path": "wavesleuth_v1_audit_20260816T191644Z/active/active_uncertainty/worlds/active_secret_world.json",
  "source_history": [
    {
      "x": 0.18,
      "z": 0.18
    },
    {
      "x": 0.82,
      "z": 0.82
    },
    {
      "x": 0.82,
      "z": 0.18
    }
  ],
  "strategy": "uncertainty",
  "summary_path": "wavesleuth_v1_audit_20260816T191644Z/active/active_uncertainty/active_summary.json",
  "trace_layout": "shot_time_receiver",
  "version": "0.7.2"
}
