$ wavesleuth-devito active-leaderboard wavesleuth_v1_audit_20260816T191644Z/active/active_uncertainty wavesleuth_v1_audit_20260816T191644Z/active/active_spread wavesleuth_v1_audit_20260816T191644Z/active/active_opposite wavesleuth_v1_audit_20260816T191644Z/active/active_ellipse

{
  "active_leaderboard": [
    {
      "center_effective_candidates": 36.855,
      "center_error": 0.0201,
      "center_top_probability": 0.0309,
      "final_iou": 0.7867,
      "initial_iou": 0.0,
      "kind": "ellipse",
      "n_sources": 3,
      "normalized_center_error": 0.0142,
      "path": "wavesleuth_v1_audit_20260816T191644Z/active/active_ellipse/active_summary.json",
      "pool_preset": "boundary-8",
      "round_count": 3,
      "runtime_seconds": 5.032,
      "score": 77.632,
      "score_delta": 0.7867,
      "source_history": [
        {
          "x": 0.18,
          "z": 0.18
        },
        {
          "x": 0.82,
          "z": 0.82
        },
        {
          "x": 0.18,
          "z": 0.82
        }
      ],
      "strategy": "uncertainty"
    },
    {
      "center_effective_candidates": 37.281,
      "center_error": 0.0494,
      "center_top_probability": 0.0285,
      "final_iou": 0.5986,
      "initial_iou": 0.0,
      "kind": "circle",
      "n_sources": 3,
      "normalized_center_error": 0.0349,
      "path": "wavesleuth_v1_audit_20260816T191644Z/active/active_opposite/active_summary.json",
      "pool_preset": "boundary-8",
      "round_count": 3,
      "runtime_seconds": 5.325,
      "score": 58.415,
      "score_delta": 0.5986,
      "source_history": [
        {
          "x": 0.18,
          "z": 0.18
        },
        {
          "x": 0.18,
          "z": 0.82
        },
        {
          "x": 0.14,
          "z": 0.5
        }
      ],
      "strategy": "opposite-best"
    },
    {
      "center_effective_candidates": 37.006,
      "center_error": 0.0564,
      "center_top_probability": 0.0301,
      "final_iou": 0.5497,
      "initial_iou": 0.0,
      "kind": "circle",
      "n_sources": 3,
      "normalized_center_error": 0.0398,
      "path": "wavesleuth_v1_audit_20260816T191644Z/active/active_uncertainty/active_summary.json",
      "pool_preset": "boundary-8",
      "round_count": 3,
      "runtime_seconds": 5.161,
      "score": 53.42,
      "score_delta": 0.5497,
      "source_history": [
        {
          "x": 0.18,
          "z": 0.18
        },
        {
          "x": 0.82,
          "z": 0.82
        },
        {
          "x": 0.82,
          "z": 0.18
        }
      ],
      "strategy": "uncertainty"
    },
    {
      "center_effective_candidates": 37.012,
      "center_error": 0.0782,
      "center_top_probability": 0.0301,
      "final_iou": 0.4242,
      "initial_iou": 0.0,
      "kind": "circle",
      "n_sources": 3,
      "normalized_center_error": 0.0553,
      "path": "wavesleuth_v1_audit_20260816T191644Z/active/active_spread/active_summary.json",
      "pool_preset": "boundary-8",
      "round_count": 3,
      "runtime_seconds": 4.941,
      "score": 40.568,
      "score_delta": 0.4242,
      "source_history": [
        {
          "x": 0.18,
          "z": 0.18
        },
        {
          "x": 0.82,
          "z": 0.82
        },
        {
          "x": 0.18,
          "z": 0.82
        }
      ],
      "strategy": "spread"
    }
  ]
}
