$ wavesleuth-devito active-demo --kind ellipse --out-dir wavesleuth_v1_audit_20260816T191644Z/active/active_ellipse --strategy uncertainty --rounds 3 --candidate-grid-size 5 --refine-levels 1 --quiet

{
  "candidate_grid_size": 5,
  "created_utc": "2026-08-16T19:17:43+00:00",
  "figures": {
    "answer_world": "wavesleuth_v1_audit_20260816T191644Z/active/active_ellipse/figures/answer_world.png",
    "progress": "wavesleuth_v1_audit_20260816T191644Z/active/active_ellipse/figures/active_progress.png",
    "source_layout": "wavesleuth_v1_audit_20260816T191644Z/active/active_ellipse/figures/active_source_layout.png"
  },
  "final_physical_score": {
    "angle_error_degrees": 0.0,
    "anomaly_velocity_error": 0.0,
    "best_mismatch": 1.6614649408837132,
    "center_error": 0.020093627257443562,
    "contrast_error": 0.0,
    "iou": 0.7866666666666666,
    "normalized_center_error": 0.01420834009237319,
    "predicted_anomaly_velocity": 2.2,
    "radius_x_error": 0.0,
    "radius_z_error": 0.0,
    "reconstruction_score": 0.7866666666666666,
    "relative_anomaly_velocity_error": 0.0,
    "relative_contrast_error": 0.0,
    "relative_velocity_error": 0.0,
    "supported": true,
    "target_kind": "ellipse",
    "true_anomaly_velocity": 2.2,
    "velocity_error": 0.0
  },
  "final_reconstruction_score": 0.7866666666666666,
  "final_uncertainty_summary": {
    "center_effective_candidates": 36.855254881102006,
    "center_entropy_effective_candidates": 38.49292918153163,
    "center_top_probability": 0.030923423461051328,
    "duplicate_center_candidates": 1,
    "effective_candidates": 39.48109679022272,
    "n_candidates": 50,
    "n_centers": 49,
    "supported": true,
    "temperature": 32.64280824251564,
    "top_3_center_probability_mass": 0.09237772272266412,
    "top_5_center_probability_mass": 0.15363485215438977,
    "top_center": {
      "center_x": 0.53806251,
      "center_z": 0.5,
      "mismatch": 1.6614649408837132,
      "probability": 0.030923423461051328
    }
  },
  "initial_reconstruction_score": 0.0,
  "kind": "ellipse",
  "mode": "active-demo",
  "noise_level": 0.0,
  "notes": [
    "v0.7.2 active-demo is a deterministic heuristic active-sensing loop.",
    "It re-simulates cumulative sequential shots each round instead of storing incremental shot updates.",
    "Sequential active run files use a stable (shot, time, receiver) trace layout, including one-shot rounds.",
    "The selected next source is based on geometric spread and reconstruction uncertainty, not optimal experimental design."
  ],
  "pool_preset": "boundary-8",
  "project": "WaveSleuth-Devito",
  "refine_levels": 1,
  "report_path": "wavesleuth_v1_audit_20260816T191644Z/active/active_ellipse/reports/active_report.html",
  "round_count": 3,
  "rounds": [
    {
      "best_candidate": {
        "angle_degrees": 25.0,
        "anomaly_velocity": 2.2,
        "center_x": 0.614187,
        "center_z": 0.766437,
        "kind": "ellipse",
        "mismatch": 0.883831,
        "radius_x": 0.17,
        "radius_z": 0.095
      },
      "figures": {
        "reconstruction": "wavesleuth_v1_audit_20260816T191644Z/active/active_ellipse/figures/round_01_reconstruction.png",
        "traces": "wavesleuth_v1_audit_20260816T191644Z/active/active_ellipse/figures/round_01_traces.png",
        "uncertainty": "wavesleuth_v1_audit_20260816T191644Z/active/active_ellipse/figures/round_01_uncertainty.png",
        "world": "wavesleuth_v1_audit_20260816T191644Z/active/active_ellipse/figures/round_01_world.png"
      },
      "n_sources": 1,
      "physical_score": {
        "angle_error_degrees": 0.0,
        "anomaly_velocity_error": 0.0,
        "best_mismatch": 0.8838314113915516,
        "center_error": 0.25736201956229265,
        "contrast_error": 0.0,
        "iou": 0.0,
        "normalized_center_error": 0.18198242925236202,
        "predicted_anomaly_velocity": 2.2,
        "radius_x_error": 0.0,
        "radius_z_error": 0.0,
        "reconstruction_score": 0.0,
        "relative_anomaly_velocity_error": 0.0,
        "relative_contrast_error": 0.0,
        "relative_velocity_error": 0.0,
        "supported": true,
        "target_kind": "ellipse",
        "true_anomaly_velocity": 2.2,
        "velocity_error": 0.0
      },
      "reconstruction_path": "wavesleuth_v1_audit_20260816T191644Z/active/active_ellipse/runs/round_01_recon.json",
      "round": 1,
      "run_path": "wavesleuth_v1_audit_20260816T191644Z/active/active_ellipse/runs/round_01_obs.npz",
      "selected_next_source": {
        "distance_to_estimated_center": 0.14180394277834107,
        "estimated_center": {
          "center_effective_candidates": 36.5751014302459,
          "center_x": 0.6462918565702637,
          "center_z": 0.719789235702145,
          "source": "uncertainty-weighted-center",
          "top_center_probability": 0.028198230372807328,
          "top_center_x": 0.61418748,
          "top_center_z": 0.76643747
        },
        "min_distance_to_existing_sources": 0.6399999999999999,
        "ranked_candidates": [
          {
            "distance_to_estimated_center": 0.14180394277834107,
            "estimated_center": {
              "center_effective_candidates": 36.5751014302459,
              "center_x": 0.6462918565702637,
              "center_z": 0.719789235702145,
              "source": "uncertainty-weighted-center",
              "top_center_probability": 0.028198230372807328,
              "top_center_x": 0.61418748,
              "top_center_z": 0.76643747
            },
            "min_distance_to_existing_sources": 0.6399999999999999,
            "selection_score": 0.5936313799724193,
            "strategy": "uncertainty",
            "x": 0.82,
            "z": 0.82
          },
          {
            "distance_to_estimated_center": 0.2167700148760407,
            "estimated_center": {
              "center_effective_candidates": 36.5751014302459,
              "center_x": 0.6462918565702637,
              "center_z": 0.719789235702145,
              "source": "uncertainty-weighted-center",
              "top_center_probability": 0.028198230372807328,
              "top_center_x": 0.61418748,
              "top_center_z": 0.76643747
            },
            "min_distance_to_existing_sources": 0.5314132102234569,
            "selection_score": 0.5275707338965526,
            "strategy": "uncertainty",
            "x": 0.86,
            "z": 0.5
          },
          {
            "distance_to_estimated_center": 0.40096567064632327,
            "estimated_center": {
              "center_effective_candidates": 36.5751014302459,
              "center_x": 0.6462918565702637,
              "center_z": 0.719789235702145,
              "source": "uncertainty-weighted-center",
              "top_center_probability": 0.028198230372807328,
              "top_center_x": 0.61418748,
              "top_center_z": 0.76643747
            },
            "min_distance_to_existing_sources": 0.4525483399593903,
            "selection_score": 0.525004073691695,
            "strategy": "uncertainty",
            "x": 0.82,
            "z": 0.18
          },
          {
            "distance_to_estimated_center": 0.33724641790899984,
            "estimated_center": {
              "center_effective_candidates": 36.5751014302459,
              "center_x": 0.6462918565702637,
              "center_z": 0.719789235702145,
              "source": "uncertainty-weighted-center",
              "top_center_probability": 0.028198230372807328,
              "top_center_x": 0.61418748,
              "top_center_z": 0.76643747
            },
            "min_distance_to_existing_sources": 0.4525483399593903,
            "selection_score": 0.5027023352336317,
            "strategy": "uncertainty",
            "x": 0.18,
            "z": 0.82
          },
          {
            "distance_to_estimated_center": 0.14328357498988364,
            "estimated_center": {
              "center_effective_candidates": 36.5751014302459,
              "center_x": 0.6462918565702637,
              "center_z": 0.719789235702145,
              "source": "uncertainty-weighted-center",
              "top_center_probability": 0.028198230372807328,
              "top_center_x": 0.61418748,
              "top_center_z": 0.76643747
            },
            "min_distance_to_existing_sources": 0.5314132102234569,
            "selection_score": 0.5018504799363976,
            "strategy": "uncertainty",
            "x": 0.5,
            "z": 0.86
          },
          {
            "distance_to_estimated_center": 0.42282198685430966,
            "estimated_center": {
              "center_effective_candidates": 36.5751014302459,
              "center_x": 0.6462918565702637,
              "center_z": 0.719789235702145,
              "source": "uncertainty-weighted-center",
              "top_center_probability": 0.028198230372807328,
              "top_center_x": 0.61418748,
              "top_center_z": 0.76643747
            },
            "min_distance_to_existing_sources": 0.22803508501982758,
            "selection_score": 0.3418175176658619,
            "strategy": "uncertainty",
            "x": 0.5,
            "z": 0.14
          },
          {
            "distance_to_estimated_center": 0.3902811500443606,
            "estimated_center": {
              "center_effective_candidates": 36.5751014302459,
              "center_x": 0.6462918565702637,
              "center_z": 0.719789235702145,
              "source": "uncertainty-weighted-center",
              "top_center_probability": 0.028198230372807328,
              "top_center_x": 0.61418748,
              "top_center_z": 0.76643747
            },
            "min_distance_to_existing_sources": 0.22803508501982758,
            "selection_score": 0.33042822478237965,
            "strategy": "uncertainty",
            "x": 0.14,
            "z": 0.5
          }
        ],
        "selection_score": 0.5936313799724193,
        "strategy": "uncertainty",
        "x": 0.82,
        "z": 0.82
      },
      "sources": [
        {
          "x": 0.18,
          "z": 0.18
        }
      ],
      "trace_metadata": {
        "active_trace_shape_standard": true,
        "available": true,
        "layout": "shot_time_receiver",
        "n_receivers": 12,
        "n_shots": 1,
        "ndim": 3,
        "nt": 340,
        "shape": [
          1,
          340,
          12
        ]
      },
      "uncertainty_summary": {
        "center_effective_candidates": 36.5751014302459,
        "center_entropy_effective_candidates": 37.19513061444435,
        "center_top_probability": 0.028198230372807328,
        "duplicate_center_candidates": 1,
        "effective_candidates": 38.193989888866014,
        "n_candidates": 50,
        "n_centers": 49,
        "supported": true,
        "temperature": 24.763190063477843,
        "top_3_center_probability_mass": 0.08459468477811985,
        "top_5_center_probability_mass": 0.1409911159091032,
        "top_center": {
          "center_x": 0.61418748,
          "center_z": 0.76643747,
          "mismatch": 0.8838314113915516,
          "probability": 0.028198230372807328
        }
      },
      "world_path": "wavesleuth_v1_audit_20260816T191644Z/active/active_ellipse/rounds/round_01/world.json"
    },
    {
      "best_candidate": {
        "angle_degrees": 25.0,
        "anomaly_velocity": 2.2,
        "center_x": 0.461937,
        "center_z": 0.538063,
        "kind": "ellipse",
        "mismatch": 1.459137,
        "radius_x": 0.17,
        "radius_z": 0.095
      },
      "figures": {
        "reconstruction": "wavesleuth_v1_audit_20260816T191644Z/active/active_ellipse/figures/round_02_reconstruction.png",
        "traces": "wavesleuth_v1_audit_20260816T191644Z/active/active_ellipse/figures/round_02_traces.png",
        "uncertainty": "wavesleuth_v1_audit_20260816T191644Z/active/active_ellipse/figures/round_02_uncertainty.png",
        "world": "wavesleuth_v1_audit_20260816T191644Z/active/active_ellipse/figures/round_02_world.png"
      },
      "n_sources": 2,
      "physical_score": {
        "angle_error_degrees": 0.0,
        "anomaly_velocity_error": 0.0,
        "best_mismatch": 1.4591366232629865,
        "center_error": 0.080124966693552,
        "contrast_error": 0.0,
        "iou": 0.42780748663101603,
        "normalized_center_error": 0.056656907291356876,
        "predicted_anomaly_velocity": 2.2,
        "radius_x_error": 0.0,
        "radius_z_error": 0.0,
        "reconstruction_score": 0.42780748663101603,
        "relative_anomaly_velocity_error": 0.0,
        "relative_contrast_error": 0.0,
        "relative_velocity_error": 0.0,
        "supported": true,
        "target_kind": "ellipse",
        "true_anomaly_velocity": 2.2,
        "velocity_error": 0.0
      },
      "reconstruction_path": "wavesleuth_v1_audit_20260816T191644Z/active/active_ellipse/runs/round_02_recon.json",
      "round": 2,
      "run_path": "wavesleuth_v1_audit_20260816T191644Z/active/active_ellipse/runs/round_02_obs.npz",
      "selected_next_source": {
        "distance_to_estimated_center": 0.3203864849555608,
        "estimated_center": {
          "center_effective_candidates": 37.17925910544156,
          "center_x": 0.5005020599844099,
          "center_z": 0.4997291317804422,
          "source": "uncertainty-weighted-center",
          "top_center_probability": 0.03116158651491624,
          "top_center_x": 0.46193749,
          "top_center_z": 0.53806251
        },
        "min_distance_to_existing_sources": 0.4525483399593903,
        "ranked_candidates": [
          {
            "distance_to_estimated_center": 0.3203864849555608,
            "estimated_center": {
              "center_effective_candidates": 37.17925910544156,
              "center_x": 0.5005020599844099,
              "center_z": 0.4997291317804422,
              "source": "uncertainty-weighted-center",
              "top_center_probability": 0.03116158651491624,
              "top_center_x": 0.46193749,
              "top_center_z": 0.53806251
            },
            "min_distance_to_existing_sources": 0.4525483399593903,
            "selection_score": 0.49680135869992803,
            "strategy": "uncertainty",
            "x": 0.18,
            "z": 0.82
          },
          {
            "distance_to_estimated_center": 0.31961355680202375,
            "estimated_center": {
              "center_effective_candidates": 37.17925910544156,
              "center_x": 0.5005020599844099,
              "center_z": 0.4997291317804422,
              "source": "uncertainty-weighted-center",
              "top_center_probability": 0.03116158651491624,
              "top_center_x": 0.46193749,
              "top_center_z": 0.53806251
            },
            "min_distance_to_existing_sources": 0.4525483399593903,
            "selection_score": 0.4965308338461901,
            "strategy": "uncertainty",
            "x": 0.82,
            "z": 0.18
          },
          {
            "distance_to_estimated_center": 0.2549135232020806,
            "estimated_center": {
              "center_effective_candidates": 37.17925910544156,
              "center_x": 0.5005020599844099,
              "center_z": 0.4997291317804422,
              "source": "uncertainty-weighted-center",
              "top_center_probability": 0.03116158651491624,
              "top_center_x": 0.46193749,
              "top_center_z": 0.53806251
            },
            "min_distance_to_existing_sources": 0.22803508501982758,
            "selection_score": 0.31338736790794464,
            "strategy": "uncertainty",
            "x": 0.14,
            "z": 0.5
          },
          {
            "distance_to_estimated_center": 0.25475022134622566,
            "estimated_center": {
              "center_effective_candidates": 37.17925910544156,
              "center_x": 0.5005020599844099,
              "center_z": 0.4997291317804422,
              "source": "uncertainty-weighted-center",
              "top_center_probability": 0.03116158651491624,
              "top_center_x": 0.46193749,
              "top_center_z": 0.53806251
            },
            "min_distance_to_existing_sources": 0.22803508501982755,
            "selection_score": 0.31333021225839536,
            "strategy": "uncertainty",
            "x": 0.5,
            "z": 0.86
          },
          {
            "distance_to_estimated_center": 0.25436715620903055,
            "estimated_center": {
              "center_effective_candidates": 37.17925910544156,
              "center_x": 0.5005020599844099,
              "center_z": 0.4997291317804422,
              "source": "uncertainty-weighted-center",
              "top_center_probability": 0.03116158651491624,
              "top_center_x": 0.46193749,
              "top_center_z": 0.53806251
            },
            "min_distance_to_existing_sources": 0.22803508501982758,
            "selection_score": 0.3131961394603771,
            "strategy": "uncertainty",
            "x": 0.5,
            "z": 0.14
          },
          {
            "distance_to_estimated_center": 0.2542035033639831,
            "estimated_center": {
              "center_effective_candidates": 37.17925910544156,
              "center_x": 0.5005020599844099,
              "center_z": 0.4997291317804422,
              "source": "uncertainty-weighted-center",
              "top_center_probability": 0.03116158651491624,
              "top_center_x": 0.46193749,
              "top_center_z": 0.53806251
            },
            "min_distance_to_existing_sources": 0.22803508501982755,
            "selection_score": 0.31313886096461047,
            "strategy": "uncertainty",
            "x": 0.86,
            "z": 0.5
          }
        ],
        "selection_score": 0.49680135869992803,
        "strategy": "uncertainty",
        "x": 0.18,
        "z": 0.82
      },
      "sources": [
        {
          "x": 0.18,
          "z": 0.18
        },
        {
          "x": 0.82,
          "z": 0.82
        }
      ],
      "trace_metadata": {
        "active_trace_shape_standard": true,
        "available": true,
        "layout": "shot_time_receiver",
        "n_receivers": 12,
        "n_shots": 2,
        "ndim": 3,
        "nt": 340,
        "shape": [
          2,
          340,
          12
        ]
      },
      "uncertainty_summary": {
        "center_effective_candidates": 37.17925910544156,
        "center_entropy_effective_candidates": 38.79761254375126,
        "center_top_probability": 0.03116158651491624,
        "duplicate_center_candidates": 1,
        "effective_candidates": 39.7869691657109,
        "n_candidates": 50,
        "n_centers": 49,
        "supported": true,
        "temperature": 19.929371863090925,
        "top_3_center_probability_mass": 0.09253318562215879,
        "top_5_center_probability_mass": 0.15344874525591257,
        "top_center": {
          "center_x": 0.46193749,
          "center_z": 0.53806251,
          "mismatch": 1.4591366232629865,
          "probability": 0.03116158651491624
        }
      },
      "world_path": "wavesleuth_v1_audit_20260816T191644Z/active/active_ellipse/rounds/round_02/world.json"
    },
    {
      "best_candidate": {
        "angle_degrees": 25.0,
        "anomaly_velocity": 2.2,
        "center_x": 0.538063,
        "center_z": 0.5,
        "kind": "ellipse",
        "mismatch": 1.661465,
        "radius_x": 0.17,
        "radius_z": 0.095
      },
      "figures": {
        "reconstruction": "wavesleuth_v1_audit_20260816T191644Z/active/active_ellipse/figures/round_03_reconstruction.png",
        "traces": "wavesleuth_v1_audit_20260816T191644Z/active/active_ellipse/figures/round_03_traces.png",
        "uncertainty": "wavesleuth_v1_audit_20260816T191644Z/active/active_ellipse/figures/round_03_uncertainty.png",
        "world": "wavesleuth_v1_audit_20260816T191644Z/active/active_ellipse/figures/round_03_world.png"
      },
      "n_sources": 3,
      "physical_score": {
        "angle_error_degrees": 0.0,
        "anomaly_velocity_error": 0.0,
        "best_mismatch": 1.6614649408837132,
        "center_error": 0.020093627257443562,
        "contrast_error": 0.0,
        "iou": 0.7866666666666666,
        "normalized_center_error": 0.01420834009237319,
        "predicted_anomaly_velocity": 2.2,
        "radius_x_error": 0.0,
        "radius_z_error": 0.0,
        "reconstruction_score": 0.7866666666666666,
        "relative_anomaly_velocity_error": 0.0,
        "relative_contrast_error": 0.0,
        "relative_velocity_error": 0.0,
        "supported": true,
        "target_kind": "ellipse",
        "true_anomaly_velocity": 2.2,
        "velocity_error": 0.0
      },
      "reconstruction_path": "wavesleuth_v1_audit_20260816T191644Z/active/active_ellipse/runs/round_03_recon.json",
      "round": 3,
      "run_path": "wavesleuth_v1_audit_20260816T191644Z/active/active_ellipse/runs/round_03_obs.npz",
      "selected_next_source": null,
      "sources": [
        {
          "x": 0.18,
          "z": 0.18
        },
        {
          "x": 0.82,
          "z": 0.82
        },
        {
          "x": 0.18,
          "z": 0.82
        }
      ],
      "trace_metadata": {
        "active_trace_shape_standard": true,
        "available": true,
        "layout": "shot_time_receiver",
        "n_receivers": 12,
        "n_shots": 3,
        "ndim": 3,
        "nt": 340,
        "shape": [
          3,
          340,
          12
        ]
      },
      "uncertainty_summary": {
        "center_effective_candidates": 36.855254881102006,
        "center_entropy_effective_candidates": 38.49292918153163,
        "center_top_probability": 0.030923423461051328,
        "duplicate_center_candidates": 1,
        "effective_candidates": 39.48109679022272,
        "n_candidates": 50,
        "n_centers": 49,
        "supported": true,
        "temperature": 32.64280824251564,
        "top_3_center_probability_mass": 0.09237772272266412,
        "top_5_center_probability_mass": 0.15363485215438977,
        "top_center": {
          "center_x": 0.53806251,
          "center_z": 0.5,
          "mismatch": 1.6614649408837132,
          "probability": 0.030923423461051328
        }
      },
      "world_path": "wavesleuth_v1_audit_20260816T191644Z/active/active_ellipse/rounds/round_03/world.json"
    }
  ],
  "runtime_seconds": 5.032393462000073,
  "score_delta": 0.7866666666666666,
  "secret_world_path": "wavesleuth_v1_audit_20260816T191644Z/active/active_ellipse/worlds/active_secret_world.json",
  "source_history": [
    {
      "x": 0.18,
      "z": 0.18
    },
    {
      "x": 0.82,
      "z": 0.82
    },
    {
      "x": 0.18,
      "z": 0.82
    }
  ],
  "strategy": "uncertainty",
  "summary_path": "wavesleuth_v1_audit_20260816T191644Z/active/active_ellipse/active_summary.json",
  "trace_layout": "shot_time_receiver",
  "version": "0.7.2"
}
