$ wavesleuth-devito challenge ellipse-easy --blind --out-dir wavesleuth_v1_audit_20260816T191644Z/blind/challenge_ellipse_blind --quiet

{
  "answer_reconstruction_figure": "wavesleuth_v1_audit_20260816T191644Z/blind/challenge_ellipse_blind/secret/reconstruction_answer.png",
  "answer_world_figure": "wavesleuth_v1_audit_20260816T191644Z/blind/challenge_ellipse_blind/secret/answer_world.png",
  "best_candidate": {
    "angle_degrees": 25.0,
    "anomaly_velocity": 2.2,
    "center_x": 0.5380625128746033,
    "center_z": 0.5,
    "data_mismatch": 0.526984238585016,
    "index_x": 3,
    "index_z": 2,
    "kind": "ellipse",
    "level": 1,
    "metric": "l2",
    "mismatch": 0.526984238585016,
    "radius_x": 0.17,
    "radius_z": 0.095,
    "stage": "ellipse-refine"
  },
  "best_candidate_summary": {
    "angle_degrees": 25.0,
    "anomaly_velocity": 2.2,
    "center_x": 0.5381,
    "center_z": 0.5,
    "kind": "ellipse",
    "mismatch": 0.526984,
    "radius_x": 0.17,
    "radius_z": 0.095
  },
  "blind": true,
  "candidate_grid": {
    "angle_values": [
      25.0
    ],
    "anomaly_velocities": [
      2.2
    ],
    "background_forward_runs": 1,
    "evaluated_candidates": 50,
    "forward_runs": 50,
    "grid_size": 5,
    "margin": 0.1955,
    "radius_x_values": [
      0.17
    ],
    "radius_z_values": [
      0.095
    ],
    "refine_levels": 1,
    "unique_forward_candidates": 49,
    "xs": [
      0.42387500405311584,
      0.46193748712539673,
      0.5,
      0.5380625128746033,
      0.5761250257492065
    ],
    "zs": [
      0.42387500405311584,
      0.46193748712539673,
      0.5,
      0.5380625128746033,
      0.5761250257492065
    ]
  },
  "challenge": "ellipse-easy",
  "challenge_score": {
    "formula": "100*IoU - 20*normalized_center_error - 0.08*forward_runs - 0.75*sources - 0.15*receivers",
    "iou": 0.7866666666666666,
    "n_forward_runs": 50,
    "n_receivers": 10,
    "n_sources": 3,
    "normalized_center_error": 0.01420834009237319,
    "notes": [
      "runtime_seconds is reported for diagnostics but is not part of the default v0.3.2 score."
    ],
    "runtime_scored": false,
    "runtime_seconds": 1.426883212000007,
    "score": 70.6324998648192,
    "supported": true
  },
  "cleaned_before_run": true,
  "cleaned_paths": [],
  "description": "v0.5 first non-circle reconstruction challenge: recover the center of a rotated ellipse.",
  "difficulty": "medium",
  "experimental": false,
  "figures_dir": "wavesleuth_v1_audit_20260816T191644Z/blind/challenge_ellipse_blind/figures",
  "manifest_path": "wavesleuth_v1_audit_20260816T191644Z/blind/challenge_ellipse_blind/challenge_manifest.json",
  "notes": [
    "Known-shape challenge: the baseline holds ellipse axes, orientation, and velocity from metadata and searches the center.",
    "This is intentionally conservative: it proves non-circle inversion without turning v0.5 into a giant shape optimizer.",
    "Full unknown-ellipse discovery is left for a later staged/regularized search."
  ],
  "objective": {
    "background_subtracted": true,
    "metric": "l2",
    "mismatch_mode": "differential",
    "normalize_traces": false,
    "shot_mode": "sequential",
    "time_max": null,
    "time_min": null
  },
  "physical_score": {
    "angle_error_degrees": 0.0,
    "anomaly_velocity_error": 0.0,
    "best_mismatch": 0.526984238585016,
    "center_error": 0.020093627257443562,
    "contrast_error": 0.0,
    "iou": 0.7866666666666666,
    "normalized_center_error": 0.01420834009237319,
    "predicted_anomaly_velocity": 2.2,
    "radius_x_error": 0.0,
    "radius_z_error": 0.0,
    "reconstruction_score": 0.7866666666666666,
    "relative_anomaly_velocity_error": 0.0,
    "relative_contrast_error": 0.0,
    "relative_velocity_error": 0.0,
    "supported": true,
    "target_kind": "ellipse",
    "true_anomaly_velocity": 2.2,
    "velocity_error": 0.0
  },
  "public_world_path": "wavesleuth_v1_audit_20260816T191644Z/blind/challenge_ellipse_blind/public/ellipse-easy_public_world.json",
  "reconstruction_path": "wavesleuth_v1_audit_20260816T191644Z/blind/challenge_ellipse_blind/runs/ellipse-easy_recon.json",
  "report_path": "wavesleuth_v1_audit_20260816T191644Z/blind/challenge_ellipse_blind/reports/report.html",
  "run_path": "wavesleuth_v1_audit_20260816T191644Z/blind/challenge_ellipse_blind/runs/ellipse-easy_obs.npz",
  "runtime_seconds": 1.426883212000007,
  "schema_version": "0.9.0",
  "score": {
    "angle_error_degrees": 0.0,
    "anomaly_velocity_error": 0.0,
    "best_mismatch": 0.526984238585016,
    "center_error": 0.020093627257443562,
    "contrast_error": 0.0,
    "iou": 0.7866666666666666,
    "normalized_center_error": 0.01420834009237319,
    "predicted_anomaly_velocity": 2.2,
    "radius_x_error": 0.0,
    "radius_z_error": 0.0,
    "reconstruction_score": 0.7866666666666666,
    "relative_anomaly_velocity_error": 0.0,
    "relative_contrast_error": 0.0,
    "relative_velocity_error": 0.0,
    "supported": true,
    "target_kind": "ellipse",
    "true_anomaly_velocity": 2.2,
    "velocity_error": 0.0
  },
  "score_summary": {
    "angle_error_degrees": 0.0,
    "center_error": 0.0201,
    "forward_runs": 50,
    "iou": 0.787,
    "normalized_center_error": 0.0142,
    "radius_error": null,
    "radius_x_error": 0.0,
    "radius_z_error": 0.0,
    "relative_velocity_error": 0.0,
    "score": 70.632,
    "velocity_error": 0.0
  },
  "search": {
    "angle_values": [
      25.0
    ],
    "anomaly_velocities": [
      2.2
    ],
    "radius_x_values": [
      0.17
    ],
    "radius_z_values": [
      0.095
    ],
    "search_angle": false,
    "search_axes": false,
    "search_strategy": "ellipse-grid",
    "search_velocity": false
  },
  "secret_world_canonical_sha256": "e3c02d2171acba3495b8b87740eb6074f0b4965501ca55ab54b3c8b26a90ae7d",
  "secret_world_file_sha256": "11e4187961ed998fa9caa1125da882fb3a838ffa10b32c108aa1338c4c42097a",
  "secret_world_path": "wavesleuth_v1_audit_20260816T191644Z/blind/challenge_ellipse_blind/secret/ellipse-easy_secret_world.json",
  "secret_world_sha256": "11e4187961ed998fa9caa1125da882fb3a838ffa10b32c108aa1338c4c42097a",
  "settings": {
    "amplitude_jitter": 0.0,
    "candidate_grid_size": 5,
    "challenge": "ellipse-easy",
    "difficulty": "medium",
    "experimental": false,
    "final_refine_top_k": 1,
    "known_shape_parameters": [
      "radius_x",
      "radius_z",
      "angle_degrees",
      "anomaly_velocity"
    ],
    "method": "ellipse-grid-search",
    "metric": "l2",
    "mismatch_mode": "differential",
    "noise_level": 0.0,
    "parameter_prior": "none",
    "radius_prior_weight": 0.0,
    "receiver_dropout": 0.0,
    "refine_levels": 1,
    "search_radius": false,
    "search_strategy": "joint",
    "search_velocity": false,
    "time_jitter": 0.0,
    "top_k_refine": 5,
    "velocity_prior_weight": 0.0
  },
  "uncertainty": {
    "best_probability": 0.0356634644289254,
    "center_effective_candidates": 36.77924539219323,
    "center_entropy": 3.6557316272740836,
    "center_entropy_effective_candidates": 38.6958216797005,
    "center_normalized_entropy": 0.9393372117024115,
    "center_probabilities": [
      {
        "center_x": 0.53806251,
        "center_z": 0.5,
        "mismatch": 0.526984238585016,
        "probability": 0.036889239941697634,
        "representative_candidate": {
          "angle_degrees": 25.0,
          "anomaly_velocity": 2.2,
          "center_x": 0.5380625128746033,
          "center_z": 0.5,
          "data_mismatch": 0.526984238585016,
          "index_x": 3,
          "index_z": 2,
          "kind": "ellipse",
          "level": 1,
          "metric": "l2",
          "mismatch": 0.526984238585016,
          "radius_x": 0.17,
          "radius_z": 0.095,
          "stage": "ellipse-refine"
        }
      },
      {
        "center_x": 0.53806251,
        "center_z": 0.53806251,
        "mismatch": 0.623653544414875,
        "probability": 0.03616811894624764,
        "representative_candidate": {
          "angle_degrees": 25.0,
          "anomaly_velocity": 2.2,
          "center_x": 0.5380625128746033,
          "center_z": 0.5380625128746033,
          "data_mismatch": 0.623653544414875,
          "index_x": 3,
          "index_z": 3,
          "kind": "ellipse",
          "level": 1,
          "metric": "l2",
          "mismatch": 0.623653544414875,
          "radius_x": 0.17,
          "radius_z": 0.095,
          "stage": "ellipse-refine"
        }
      },
      {
        "center_x": 0.5,
        "center_z": 0.5,
        "mismatch": 0.8732649405750234,
        "probability": 0.03437062361720663,
        "representative_candidate": {
          "angle_degrees": 25.0,
          "anomaly_velocity": 2.2,
          "center_x": 0.5,
          "center_z": 0.5,
          "data_mismatch": 0.8732649405750234,
          "index_x": 2,
          "index_z": 2,
          "kind": "ellipse",
          "level": 0,
          "metric": "l2",
          "mismatch": 0.8732649405750234,
          "radius_x": 0.17,
          "radius_z": 0.095,
          "stage": "ellipse"
        }
      },
      {
        "center_x": 0.53806251,
        "center_z": 0.46193749,
        "mismatch": 0.9446892845955048,
        "probability": 0.033872921125768486,
        "representative_candidate": {
          "angle_degrees": 25.0,
          "anomaly_velocity": 2.2,
          "center_x": 0.5380625128746033,
          "center_z": 0.46193748712539673,
          "data_mismatch": 0.9446892845955048,
          "index_x": 3,
          "index_z": 1,
          "kind": "ellipse",
          "level": 1,
          "metric": "l2",
          "mismatch": 0.9446892845955048,
          "radius_x": 0.17,
          "radius_z": 0.095,
          "stage": "ellipse-refine"
        }
      },
      {
        "center_x": 0.57612503,
        "center_z": 0.53806251,
        "mismatch": 0.958668557492728,
        "probability": 0.03377635670713811,
        "representative_candidate": {
          "angle_degrees": 25.0,
          "anomaly_velocity": 2.2,
          "center_x": 0.5761250257492065,
          "center_z": 0.5380625128746033,
          "data_mismatch": 0.958668557492728,
          "index_x": 4,
          "index_z": 3,
          "kind": "ellipse",
          "level": 1,
          "metric": "l2",
          "mismatch": 0.958668557492728,
          "radius_x": 0.17,
          "radius_z": 0.095,
          "stage": "ellipse-refine"
        }
      },
      {
        "center_x": 0.57612503,
        "center_z": 0.46193749,
        "mismatch": 1.1229817203958092,
        "probability": 0.032661757876785234,
        "representative_candidate": {
          "angle_degrees": 25.0,
          "anomaly_velocity": 2.2,
          "center_x": 0.5761250257492065,
          "center_z": 0.46193748712539673,
          "data_mismatch": 1.1229817203958092,
          "index_x": 4,
          "index_z": 1,
          "kind": "ellipse",
          "level": 1,
          "metric": "l2",
          "mismatch": 1.1229817203958092,
          "radius_x": 0.17,
          "radius_z": 0.095,
          "stage": "ellipse-refine"
        }
      },
      {
        "center_x": 0.53806251,
        "center_z": 0.423875,
        "mismatch": 1.141004799043455,
        "probability": 0.032541761205086984,
        "representative_candidate": {
          "angle_degrees": 25.0,
          "anomaly_velocity": 2.2,
          "center_x": 0.5380625128746033,
          "center_z": 0.42387500405311584,
          "data_mismatch": 1.141004799043455,
          "index_x": 3,
          "index_z": 0,
          "kind": "ellipse",
          "level": 1,
          "metric": "l2",
          "mismatch": 1.141004799043455,
          "radius_x": 0.17,
          "radius_z": 0.095,
          "stage": "ellipse-refine"
        }
      },
      {
        "center_x": 0.57612503,
        "center_z": 0.5,
        "mismatch": 1.274911297045842,
        "probability": 0.03166391648739115,
        "representative_candidate": {
          "angle_degrees": 25.0,
          "anomaly_velocity": 2.2,
          "center_x": 0.5761250257492065,
          "center_z": 0.5,
          "data_mismatch": 1.274911297045842,
          "index_x": 4,
          "index_z": 2,
          "kind": "ellipse",
          "level": 1,
          "metric": "l2",
          "mismatch": 1.274911297045842,
          "radius_x": 0.17,
          "radius_z": 0.095,
          "stage": "ellipse-refine"
        }
      },
      {
        "center_x": 0.5,
        "center_z": 0.423875,
        "mismatch": 1.2876201110655514,
        "probability": 0.03158184243709709,
        "representative_candidate": {
          "angle_degrees": 25.0,
          "anomaly_velocity": 2.2,
          "center_x": 0.5,
          "center_z": 0.42387500405311584,
          "data_mismatch": 1.2876201110655514,
          "index_x": 2,
          "index_z": 0,
          "kind": "ellipse",
          "level": 1,
          "metric": "l2",
          "mismatch": 1.2876201110655514,
          "radius_x": 0.17,
          "radius_z": 0.095,
          "stage": "ellipse-refine"
        }
      },
      {
        "center_x": 0.5,
        "center_z": 0.46193749,
        "mismatch": 1.32308226271051,
        "probability": 0.031353949658174084,
        "representative_candidate": {
          "angle_degrees": 25.0,
          "anomaly_velocity": 2.2,
          "center_x": 0.5,
          "center_z": 0.46193748712539673,
          "data_mismatch": 1.32308226271051,
          "index_x": 2,
          "index_z": 1,
          "kind": "ellipse",
          "level": 1,
          "metric": "l2",
          "mismatch": 1.32308226271051,
          "radius_x": 0.17,
          "radius_z": 0.095,
          "stage": "ellipse-refine"
        }
      },
      {
        "center_x": 0.57612503,
        "center_z": 0.423875,
        "mismatch": 1.460257406126944,
        "probability": 0.030487789124851256,
        "representative_candidate": {
          "angle_degrees": 25.0,
          "anomaly_velocity": 2.2,
          "center_x": 0.5761250257492065,
          "center_z": 0.42387500405311584,
          "data_mismatch": 1.460257406126944,
          "index_x": 4,
          "index_z": 0,
          "kind": "ellipse",
          "level": 1,
          "metric": "l2",
          "mismatch": 1.460257406126944,
          "radius_x": 0.17,
          "radius_z": 0.095,
          "stage": "ellipse-refine"
        }
      },
      {
        "center_x": 0.5,
        "center_z": 0.53806251,
        "mismatch": 1.619779512024495,
        "probability": 0.02951057097587864,
        "representative_candidate": {
          "angle_degrees": 25.0,
          "anomaly_velocity": 2.2,
          "center_x": 0.5,
          "center_z": 0.5380625128746033,
          "data_mismatch": 1.619779512024495,
          "index_x": 2,
          "index_z": 3,
          "kind": "ellipse",
          "level": 1,
          "metric": "l2",
          "mismatch": 1.619779512024495,
          "radius_x": 0.17,
          "radius_z": 0.095,
          "stage": "ellipse-refine"
        }
      },
      {
        "center_x": 0.46193749,
        "center_z": 0.5,
        "mismatch": 1.719449650919872,
        "probability": 0.028915964166009476,
        "representative_candidate": {
          "angle_degrees": 25.0,
          "anomaly_velocity": 2.2,
          "center_x": 0.46193748712539673,
          "center_z": 0.5,
          "data_mismatch": 1.719449650919872,
          "index_x": 1,
          "index_z": 2,
          "kind": "ellipse",
          "level": 1,
          "metric": "l2",
          "mismatch": 1.719449650919872,
          "radius_x": 0.17,
          "radius_z": 0.095,
          "stage": "ellipse-refine"
        }
      },
      {
        "center_x": 0.5,
        "center_z": 0.1955,
        "mismatch": 1.7209181805554314,
        "probability": 0.028907293450355608,
        "representative_candidate": {
          "angle_degrees": 25.0,
          "anomaly_velocity": 2.2,
          "center_x": 0.5,
          "center_z": 0.19550000131130219,
          "data_mismatch": 1.7209181805554314,
          "index_x": 2,
          "index_z": 0,
          "kind": "ellipse",
          "level": 0,
          "metric": "l2",
          "mismatch": 1.7209181805554314,
          "radius_x": 0.17,
          "radius_z": 0.095,
          "stage": "ellipse"
        }
      },
      {
        "center_x": 0.46193749,
        "center_z": 0.423875,
        "mismatch": 1.7494216101137352,
        "probability": 0.028739513205690993,
        "representative_candidate": {
          "angle_degrees": 25.0,
          "anomaly_velocity": 2.2,
          "center_x": 0.46193748712539673,
          "center_z": 0.42387500405311584,
          "data_mismatch": 1.7494216101137352,
          "index_x": 1,
          "index_z": 0,
          "kind": "ellipse",
          "level": 1,
          "metric": "l2",
          "mismatch": 1.7494216101137352,
          "radius_x": 0.17,
          "radius_z": 0.095,
          "stage": "ellipse-refine"
        }
      },
      {
        "center_x": 0.46193749,
        "center_z": 0.46193749,
        "mismatch": 1.8161744615266562,
        "probability": 0.02835038559585504,
        "representative_candidate": {
          "angle_degrees": 25.0,
          "anomaly_velocity": 2.2,
          "center_x": 0.46193748712539673,
          "center_z": 0.46193748712539673,
          "data_mismatch": 1.8161744615266562,
          "index_x": 1,
          "index_z": 1,
          "kind": "ellipse",
          "level": 1,
          "metric": "l2",
          "mismatch": 1.8161744615266562,
          "radius_x": 0.17,
          "radius_z": 0.095,
          "stage": "ellipse-refine"
        }
      },
      {
        "center_x": 0.5,
        "center_z": 0.34775001,
        "mismatch": 1.8854098409926583,
        "probability": 0.027952351726301443,
        "representative_candidate": {
          "angle_degrees": 25.0,
          "anomaly_velocity": 2.2,
          "center_x": 0.5,
          "center_z": 0.3477500081062317,
          "data_mismatch": 1.8854098409926583,
          "index_x": 2,
          "index_z": 1,
          "kind": "ellipse",
          "level": 0,
          "metric": "l2",
          "mismatch": 1.8854098409926583,
          "radius_x": 0.17,
          "radius_z": 0.095,
          "stage": "ellipse"
        }
      },
      {
        "center_x": 0.53806251,
        "center_z": 0.57612503,
        "mismatch": 1.9006536359145452,
        "probability": 0.027865468628425136,
        "representative_candidate": {
          "angle_degrees": 25.0,
          "anomaly_velocity": 2.2,
          "center_x": 0.5380625128746033,
          "center_z": 0.5761250257492065,
          "data_mismatch": 1.9006536359145452,
          "index_x": 3,
          "index_z": 4,
          "kind": "ellipse",
          "level": 1,
          "metric": "l2",
          "mismatch": 1.9006536359145452,
          "radius_x": 0.17,
          "radius_z": 0.095,
          "stage": "ellipse-refine"
        }
      },
      {
        "center_x": 0.57612503,
        "center_z": 0.57612503,
        "mismatch": 1.9586855221757606,
        "probability": 0.027537175514381444,
        "representative_candidate": {
          "angle_degrees": 25.0,
          "anomaly_velocity": 2.2,
          "center_x": 0.5761250257492065,
          "center_z": 0.5761250257492065,
          "data_mismatch": 1.9586855221757606,
          "index_x": 4,
          "index_z": 4,
          "kind": "ellipse",
          "level": 1,
          "metric": "l2",
          "mismatch": 1.9586855221757606,
          "radius_x": 0.17,
          "radius_z": 0.095,
          "stage": "ellipse-refine"
        }
      },
      {
        "center_x": 0.5,
        "center_z": 0.57612503,
        "mismatch": 2.186270196853902,
        "probability": 0.02628660349114247,
        "representative_candidate": {
          "angle_degrees": 25.0,
          "anomaly_velocity": 2.2,
          "center_x": 0.5,
          "center_z": 0.5761250257492065,
          "data_mismatch": 2.186270196853902,
          "index_x": 2,
          "index_z": 4,
          "kind": "ellipse",
          "level": 1,
          "metric": "l2",
          "mismatch": 2.186270196853902,
          "radius_x": 0.17,
          "radius_z": 0.095,
          "stage": "ellipse-refine"
        }
      },
      {
        "center_x": 0.65224999,
        "center_z": 0.5,
        "mismatch": 2.210905516185238,
        "probability": 0.026154686625276098,
        "representative_candidate": {
          "angle_degrees": 25.0,
          "anomaly_velocity": 2.2,
          "center_x": 0.6522499918937683,
          "center_z": 0.5,
          "data_mismatch": 2.210905516185238,
          "index_x": 3,
          "index_z": 2,
          "kind": "ellipse",
          "level": 0,
          "metric": "l2",
          "mismatch": 2.210905516185238,
          "radius_x": 0.17,
          "radius_z": 0.095,
          "stage": "ellipse"
        }
      },
      {
        "center_x": 0.46193749,
        "center_z": 0.53806251,
        "mismatch": 2.2237567192556416,
        "probability": 0.026086134139743308,
        "representative_candidate": {
          "angle_degrees": 25.0,
          "anomaly_velocity": 2.2,
          "center_x": 0.46193748712539673,
          "center_z": 0.5380625128746033,
          "data_mismatch": 2.2237567192556416,
          "index_x": 1,
          "index_z": 3,
          "kind": "ellipse",
          "level": 1,
          "metric": "l2",
          "mismatch": 2.2237567192556416,
          "radius_x": 0.17,
          "radius_z": 0.095,
          "stage": "ellipse-refine"
        }
      },
      {
        "center_x": 0.34775001,
        "center_z": 0.1955,
        "mismatch": 2.2757483569878962,
        "probability": 0.025810622903611805,
        "representative_candidate": {
          "angle_degrees": 25.0,
          "anomaly_velocity": 2.2,
          "center_x": 0.3477500081062317,
          "center_z": 0.19550000131130219,
          "data_mismatch": 2.2757483569878962,
          "index_x": 1,
          "index_z": 0,
          "kind": "ellipse",
          "level": 0,
          "metric": "l2",
          "mismatch": 2.2757483569878962,
          "radius_x": 0.17,
          "radius_z": 0.095,
          "stage": "ellipse"
        }
      },
      {
        "center_x": 0.423875,
        "center_z": 0.423875,
        "mismatch": 2.3887941084566675,
        "probability": 0.025221577289372955,
        "representative_candidate": {
          "angle_degrees": 25.0,
          "anomaly_velocity": 2.2,
          "center_x": 0.42387500405311584,
          "center_z": 0.42387500405311584,
          "data_mismatch": 2.3887941084566675,
          "index_x": 0,
          "index_z": 0,
          "kind": "ellipse",
          "level": 1,
          "metric": "l2",
          "mismatch": 2.3887941084566675,
          "radius_x": 0.17,
          "radius_z": 0.095,
          "stage": "ellipse-refine"
        }
      },
      {
        "center_x": 0.423875,
        "center_z": 0.46193749,
        "mismatch": 2.39166598385568,
        "probability": 0.02520678926494897,
        "representative_candidate": {
          "angle_degrees": 25.0,
          "anomaly_velocity": 2.2,
          "center_x": 0.42387500405311584,
          "center_z": 0.46193748712539673,
          "data_mismatch": 2.39166598385568,
          "index_x": 0,
          "index_z": 1,
          "kind": "ellipse",
          "level": 1,
          "metric": "l2",
          "mismatch": 2.39166598385568,
          "radius_x": 0.17,
          "radius_z": 0.095,
          "stage": "ellipse-refine"
        }
      },
      {
        "center_x": 0.423875,
        "center_z": 0.5,
        "mismatch": 2.7291964659974473,
        "probability": 0.02352779942039428,
        "representative_candidate": {
          "angle_degrees": 25.0,
          "anomaly_velocity": 2.2,
          "center_x": 0.42387500405311584,
          "center_z": 0.5,
          "data_mismatch": 2.7291964659974473,
          "index_x": 0,
          "index_z": 2,
          "kind": "ellipse",
          "level": 1,
          "metric": "l2",
          "mismatch": 2.7291964659974473,
          "radius_x": 0.17,
          "radius_z": 0.095,
          "stage": "ellipse-refine"
        }
      },
      {
        "center_x": 0.423875,
        "center_z": 0.53806251,
        "mismatch": 2.873745671515899,
        "probability": 0.022843411575476567,
        "representative_candidate": {
          "angle_degrees": 25.0,
          "anomaly_velocity": 2.2,
          "center_x": 0.42387500405311584,
          "center_z": 0.5380625128746033,
          "data_mismatch": 2.873745671515899,
          "index_x": 0,
          "index_z": 3,
          "kind": "ellipse",
          "level": 1,
          "metric": "l2",
          "mismatch": 2.873745671515899,
          "radius_x": 0.17,
          "radius_z": 0.095,
          "stage": "ellipse-refine"
        }
      },
      {
        "center_x": 0.5,
        "center_z": 0.65224999,
        "mismatch": 2.9429225129813257,
        "probability": 0.022522963797191806,
        "representative_candidate": {
          "angle_degrees": 25.0,
          "anomaly_velocity": 2.2,
          "center_x": 0.5,
          "center_z": 0.6522499918937683,
          "data_mismatch": 2.9429225129813257,
          "index_x": 2,
          "index_z": 3,
          "kind": "ellipse",
          "level": 0,
          "metric": "l2",
          "mismatch": 2.9429225129813257,
          "radius_x": 0.17,
          "radius_z": 0.095,
          "stage": "ellipse"
        }
      },
      {
        "center_x": 0.65224999,
        "center_z": 0.65224999,
        "mismatch": 3.1588257139556077,
        "probability": 0.021551458800165027,
        "representative_candidate": {
          "angle_degrees": 25.0,
          "anomaly_velocity": 2.2,
          "center_x": 0.6522499918937683,
          "center_z": 0.6522499918937683,
          "data_mismatch": 3.1588257139556077,
          "index_x": 3,
          "index_z": 3,
          "kind": "ellipse",
          "level": 0,
          "metric": "l2",
          "mismatch": 3.1588257139556077,
          "radius_x": 0.17,
          "radius_z": 0.095,
          "stage": "ellipse"
        }
      },
      {
        "center_x": 0.46193749,
        "center_z": 0.57612503,
        "mismatch": 3.1945583395107104,
        "probability": 0.02139476289765722,
        "representative_candidate": {
          "angle_degrees": 25.0,
          "anomaly_velocity": 2.2,
          "center_x": 0.46193748712539673,
          "center_z": 0.5761250257492065,
          "data_mismatch": 3.1945583395107104,
          "index_x": 1,
          "index_z": 4,
          "kind": "ellipse",
          "level": 1,
          "metric": "l2",
          "mismatch": 3.1945583395107104,
          "radius_x": 0.17,
          "radius_z": 0.095,
          "stage": "ellipse-refine"
        }
      },
      {
        "center_x": 0.65224999,
        "center_z": 0.34775001,
        "mismatch": 3.4696162506269137,
        "probability": 0.02022609616203548,
        "representative_candidate": {
          "angle_degrees": 25.0,
          "anomaly_velocity": 2.2,
          "center_x": 0.6522499918937683,
          "center_z": 0.3477500081062317,
          "data_mismatch": 3.4696162506269137,
          "index_x": 3,
          "index_z": 1,
          "kind": "ellipse",
          "level": 0,
          "metric": "l2",
          "mismatch": 3.4696162506269137,
          "radius_x": 0.17,
          "radius_z": 0.095,
          "stage": "ellipse"
        }
      },
      {
        "center_x": 0.65224999,
        "center_z": 0.1955,
        "mismatch": 3.5791868865355725,
        "probability": 0.019778531314328888,
        "representative_candidate": {
          "angle_degrees": 25.0,
          "anomaly_velocity": 2.2,
          "center_x": 0.6522499918937683,
          "center_z": 0.19550000131130219,
          "data_mismatch": 3.5791868865355725,
          "index_x": 3,
          "index_z": 0,
          "kind": "ellipse",
          "level": 0,
          "metric": "l2",
          "mismatch": 3.5791868865355725,
          "radius_x": 0.17,
          "radius_z": 0.095,
          "stage": "ellipse"
        }
      },
      {
        "center_x": 0.423875,
        "center_z": 0.57612503,
        "mismatch": 4.164207030075349,
        "probability": 0.01755122719753706,
        "representative_candidate": {
          "angle_degrees": 25.0,
          "anomaly_velocity": 2.2,
          "center_x": 0.42387500405311584,
          "center_z": 0.5761250257492065,
          "data_mismatch": 4.164207030075349,
          "index_x": 0,
          "index_z": 4,
          "kind": "ellipse",
          "level": 1,
          "metric": "l2",
          "mismatch": 4.164207030075349,
          "radius_x": 0.17,
          "radius_z": 0.095,
          "stage": "ellipse-refine"
        }
      },
      {
        "center_x": 0.34775001,
        "center_z": 0.34775001,
        "mismatch": 4.695618775157238,
        "probability": 0.01574619291805849,
        "representative_candidate": {
          "angle_degrees": 25.0,
          "anomaly_velocity": 2.2,
          "center_x": 0.3477500081062317,
          "center_z": 0.3477500081062317,
          "data_mismatch": 4.695618775157238,
          "index_x": 1,
          "index_z": 1,
          "kind": "ellipse",
          "level": 0,
          "metric": "l2",
          "mismatch": 4.695618775157238,
          "radius_x": 0.17,
          "radius_z": 0.095,
          "stage": "ellipse"
        }
      },
      {
        "center_x": 0.34775001,
        "center_z": 0.5,
        "mismatch": 4.7880056081027105,
        "probability": 0.015451889856519276,
        "representative_candidate": {
          "angle_degrees": 25.0,
          "anomaly_velocity": 2.2,
          "center_x": 0.3477500081062317,
          "center_z": 0.5,
          "data_mismatch": 4.7880056081027105,
          "index_x": 1,
          "index_z": 2,
          "kind": "ellipse",
          "level": 0,
          "metric": "l2",
          "mismatch": 4.7880056081027105,
          "radius_x": 0.17,
          "radius_z": 0.095,
          "stage": "ellipse"
        }
      },
      {
        "center_x": 0.80449998,
        "center_z": 0.80449998,
        "mismatch": 5.662541888312913,
        "probability": 0.012924606064508128,
        "representative_candidate": {
          "angle_degrees": 25.0,
          "anomaly_velocity": 2.2,
          "center_x": 0.8044999837875366,
          "center_z": 0.8044999837875366,
          "data_mismatch": 5.662541888312913,
          "index_x": 4,
          "index_z": 4,
          "kind": "ellipse",
          "level": 0,
          "metric": "l2",
          "mismatch": 5.662541888312913,
          "radius_x": 0.17,
          "radius_z": 0.095,
          "stage": "ellipse"
        }
      },
      {
        "center_x": 0.65224999,
        "center_z": 0.80449998,
        "mismatch": 6.834301104892469,
        "probability": 0.010174000567367716,
        "representative_candidate": {
          "angle_degrees": 25.0,
          "anomaly_velocity": 2.2,
          "center_x": 0.6522499918937683,
          "center_z": 0.8044999837875366,
          "data_mismatch": 6.834301104892469,
          "index_x": 3,
          "index_z": 4,
          "kind": "ellipse",
          "level": 0,
          "metric": "l2",
          "mismatch": 6.834301104892469,
          "radius_x": 0.17,
          "radius_z": 0.095,
          "stage": "ellipse"
        }
      },
      {
        "center_x": 0.80449998,
        "center_z": 0.65224999,
        "mismatch": 8.594649049422722,
        "probability": 0.007101713444709348,
        "representative_candidate": {
          "angle_degrees": 25.0,
          "anomaly_velocity": 2.2,
          "center_x": 0.8044999837875366,
          "center_z": 0.6522499918937683,
          "data_mismatch": 8.594649049422722,
          "index_x": 4,
          "index_z": 3,
          "kind": "ellipse",
          "level": 0,
          "metric": "l2",
          "mismatch": 8.594649049422722,
          "radius_x": 0.17,
          "radius_z": 0.095,
          "stage": "ellipse"
        }
      },
      {
        "center_x": 0.34775001,
        "center_z": 0.65224999,
        "mismatch": 8.847500347999976,
        "probability": 0.0067443062229431685,
        "representative_candidate": {
          "angle_degrees": 25.0,
          "anomaly_velocity": 2.2,
          "center_x": 0.3477500081062317,
          "center_z": 0.6522499918937683,
          "data_mismatch": 8.847500347999976,
          "index_x": 1,
          "index_z": 3,
          "kind": "ellipse",
          "level": 0,
          "metric": "l2",
          "mismatch": 8.847500347999976,
          "radius_x": 0.17,
          "radius_z": 0.095,
          "stage": "ellipse"
        }
      },
      {
        "center_x": 0.5,
        "center_z": 0.80449998,
        "mismatch": 8.9059935293605,
        "probability": 0.006664221285081829,
        "representative_candidate": {
          "angle_degrees": 25.0,
          "anomaly_velocity": 2.2,
          "center_x": 0.5,
          "center_z": 0.8044999837875366,
          "data_mismatch": 8.9059935293605,
          "index_x": 2,
          "index_z": 4,
          "kind": "ellipse",
          "level": 0,
          "metric": "l2",
          "mismatch": 8.9059935293605,
          "radius_x": 0.17,
          "radius_z": 0.095,
          "stage": "ellipse"
        }
      },
      {
        "center_x": 0.80449998,
        "center_z": 0.5,
        "mismatch": 12.085723246221562,
        "probability": 0.00348123324826333,
        "representative_candidate": {
          "angle_degrees": 25.0,
          "anomaly_velocity": 2.2,
          "center_x": 0.8044999837875366,
          "center_z": 0.5,
          "data_mismatch": 12.085723246221562,
          "index_x": 4,
          "index_z": 2,
          "kind": "ellipse",
          "level": 0,
          "metric": "l2",
          "mismatch": 12.085723246221562,
          "radius_x": 0.17,
          "radius_z": 0.095,
          "stage": "ellipse"
        }
      },
      {
        "center_x": 0.80449998,
        "center_z": 0.34775001,
        "mismatch": 13.92597935952856,
        "probability": 0.0023906571751424383,
        "representative_candidate": {
          "angle_degrees": 25.0,
          "anomaly_velocity": 2.2,
          "center_x": 0.8044999837875366,
          "center_z": 0.3477500081062317,
          "data_mismatch": 13.92597935952856,
          "index_x": 4,
          "index_z": 1,
          "kind": "ellipse",
          "level": 0,
          "metric": "l2",
          "mismatch": 13.92597935952856,
          "radius_x": 0.17,
          "radius_z": 0.095,
          "stage": "ellipse"
        }
      },
      {
        "center_x": 0.34775001,
        "center_z": 0.80449998,
        "mismatch": 16.73045986899321,
        "probability": 0.001348287730338004,
        "representative_candidate": {
          "angle_degrees": 25.0,
          "anomaly_velocity": 2.2,
          "center_x": 0.3477500081062317,
          "center_z": 0.8044999837875366,
          "data_mismatch": 16.73045986899321,
          "index_x": 1,
          "index_z": 4,
          "kind": "ellipse",
          "level": 0,
          "metric": "l2",
          "mismatch": 16.73045986899321,
          "radius_x": 0.17,
          "radius_z": 0.095,
          "stage": "ellipse"
        }
      },
      {
        "center_x": 0.1955,
        "center_z": 0.5,
        "mismatch": 21.60127186272088,
        "probability": 0.0004986329650494778,
        "representative_candidate": {
          "angle_degrees": 25.0,
          "anomaly_velocity": 2.2,
          "center_x": 0.19550000131130219,
          "center_z": 0.5,
          "data_mismatch": 21.60127186272088,
          "index_x": 0,
          "index_z": 2,
          "kind": "ellipse",
          "level": 0,
          "metric": "l2",
          "mismatch": 21.60127186272088,
          "radius_x": 0.17,
          "radius_z": 0.095,
          "stage": "ellipse"
        }
      },
      {
        "center_x": 0.1955,
        "center_z": 0.1955,
        "mismatch": 29.771816906056955,
        "probability": 9.399825256943335e-05,
        "representative_candidate": {
          "angle_degrees": 25.0,
          "anomaly_velocity": 2.2,
          "center_x": 0.19550000131130219,
          "center_z": 0.19550000131130219,
          "data_mismatch": 29.771816906056955,
          "index_x": 0,
          "index_z": 0,
          "kind": "ellipse",
          "level": 0,
          "metric": "l2",
          "mismatch": 29.771816906056955,
          "radius_x": 0.17,
          "radius_z": 0.095,
          "stage": "ellipse"
        }
      },
      {
        "center_x": 0.1955,
        "center_z": 0.34775001,
        "mismatch": 32.605099887324066,
        "probability": 5.270241475820136e-05,
        "representative_candidate": {
          "angle_degrees": 25.0,
          "anomaly_velocity": 2.2,
          "center_x": 0.19550000131130219,
          "center_z": 0.3477500081062317,
          "data_mismatch": 32.605099887324066,
          "index_x": 0,
          "index_z": 1,
          "kind": "ellipse",
          "level": 0,
          "metric": "l2",
          "mismatch": 32.605099887324066,
          "radius_x": 0.17,
          "radius_z": 0.095,
          "stage": "ellipse"
        }
      },
      {
        "center_x": 0.80449998,
        "center_z": 0.1955,
        "mismatch": 38.451176190717405,
        "probability": 1.5970954377910466e-05,
        "representative_candidate": {
          "angle_degrees": 25.0,
          "anomaly_velocity": 2.2,
          "center_x": 0.8044999837875366,
          "center_z": 0.19550000131130219,
          "data_mismatch": 38.451176190717405,
          "index_x": 4,
          "index_z": 0,
          "kind": "ellipse",
          "level": 0,
          "metric": "l2",
          "mismatch": 38.451176190717405,
          "radius_x": 0.17,
          "radius_z": 0.095,
          "stage": "ellipse"
        }
      },
      {
        "center_x": 0.1955,
        "center_z": 0.65224999,
        "mismatch": 48.82210979517932,
        "probability": 1.9209365004441684e-06,
        "representative_candidate": {
          "angle_degrees": 25.0,
          "anomaly_velocity": 2.2,
          "center_x": 0.19550000131130219,
          "center_z": 0.6522499918937683,
          "data_mismatch": 48.82210979517932,
          "index_x": 0,
          "index_z": 3,
          "kind": "ellipse",
          "level": 0,
          "metric": "l2",
          "mismatch": 48.82210979517932,
          "radius_x": 0.17,
          "radius_z": 0.095,
          "stage": "ellipse"
        }
      },
      {
        "center_x": 0.1955,
        "center_z": 0.80449998,
        "mismatch": 87.62819061216969,
        "probability": 6.945887854513395e-10,
        "representative_candidate": {
          "angle_degrees": 25.0,
          "anomaly_velocity": 2.2,
          "center_x": 0.19550000131130219,
          "center_z": 0.8044999837875366,
          "data_mismatch": 87.62819061216969,
          "index_x": 0,
          "index_z": 4,
          "kind": "ellipse",
          "level": 0,
          "metric": "l2",
          "mismatch": 87.62819061216969,
          "radius_x": 0.17,
          "radius_z": 0.095,
          "stage": "ellipse"
        }
      }
    ],
    "center_probability_mode": "unique-center-min-mismatch",
    "center_top_probability": 0.036889239941697634,
    "duplicate_center_candidates": 1,
    "effective_candidates": 39.6483252361021,
    "entropy": 3.680048708502829,
    "inverse_participation_effective_candidates": 37.712387934767,
    "n_candidates": 50,
    "n_centers": 49,
    "normalized_entropy": 0.9407022155535794,
    "notes": [
      "These probabilities are derived from mismatch values, not a calibrated Bayesian posterior.",
      "effective_candidates is exp(entropy): roughly how many candidate entries remain plausible under this soft weighting.",
      "v0.5.1 center_probabilities use the best mismatch at each unique center, so duplicate refinement candidates do not inflate a center.",
      "center_effective_candidates is usually the clearest location-ambiguity diagnostic.",
      "High entropy means many candidates explain the traces about equally well."
    ],
    "temperature": 4.896664253999241,
    "top_3_center_probability_mass": 0.1074279825051519,
    "top_3_probability_mass": 0.10385830770161952,
    "top_5_center_probability_mass": 0.1750772603380585,
    "top_5_probability_mass": 0.16983421922192798,
    "top_candidates": [
      {
        "angle_degrees": 25.0,
        "anomaly_velocity": 2.2,
        "center_x": 0.5380625128746033,
        "center_z": 0.5,
        "data_mismatch": 0.526984238585016,
        "index_x": 3,
        "index_z": 2,
        "kind": "ellipse",
        "level": 1,
        "metric": "l2",
        "mismatch": 0.526984238585016,
        "probability": 0.0356634644289254,
        "radius_x": 0.17,
        "radius_z": 0.095,
        "stage": "ellipse-refine"
      },
      {
        "angle_degrees": 25.0,
        "anomaly_velocity": 2.2,
        "center_x": 0.5380625128746033,
        "center_z": 0.5380625128746033,
        "data_mismatch": 0.623653544414875,
        "index_x": 3,
        "index_z": 3,
        "kind": "ellipse",
        "level": 1,
        "metric": "l2",
        "mismatch": 0.623653544414875,
        "probability": 0.03496630522990618,
        "radius_x": 0.17,
        "radius_z": 0.095,
        "stage": "ellipse-refine"
      },
      {
        "angle_degrees": 25.0,
        "anomaly_velocity": 2.2,
        "center_x": 0.5,
        "center_z": 0.5,
        "data_mismatch": 0.8732649405750234,
        "index_x": 2,
        "index_z": 2,
        "kind": "ellipse",
        "level": 0,
        "metric": "l2",
        "mismatch": 0.8732649405750234,
        "probability": 0.033228538042787935,
        "radius_x": 0.17,
        "radius_z": 0.095,
        "stage": "ellipse"
      },
      {
        "angle_degrees": 25.0,
        "anomaly_velocity": 2.2,
        "center_x": 0.5,
        "center_z": 0.5,
        "data_mismatch": 0.8732649405750234,
        "index_x": 2,
        "index_z": 2,
        "kind": "ellipse",
        "level": 1,
        "metric": "l2",
        "mismatch": 0.8732649405750234,
        "probability": 0.033228538042787935,
        "radius_x": 0.17,
        "radius_z": 0.095,
        "stage": "ellipse-refine"
      },
      {
        "angle_degrees": 25.0,
        "anomaly_velocity": 2.2,
        "center_x": 0.5380625128746033,
        "center_z": 0.46193748712539673,
        "data_mismatch": 0.9446892845955048,
        "index_x": 3,
        "index_z": 1,
        "kind": "ellipse",
        "level": 1,
        "metric": "l2",
        "mismatch": 0.9446892845955048,
        "probability": 0.03274737347752053,
        "radius_x": 0.17,
        "radius_z": 0.095,
        "stage": "ellipse-refine"
      },
      {
        "angle_degrees": 25.0,
        "anomaly_velocity": 2.2,
        "center_x": 0.5761250257492065,
        "center_z": 0.5380625128746033,
        "data_mismatch": 0.958668557492728,
        "index_x": 4,
        "index_z": 3,
        "kind": "ellipse",
        "level": 1,
        "metric": "l2",
        "mismatch": 0.958668557492728,
        "probability": 0.032654017753348204,
        "radius_x": 0.17,
        "radius_z": 0.095,
        "stage": "ellipse-refine"
      },
      {
        "angle_degrees": 25.0,
        "anomaly_velocity": 2.2,
        "center_x": 0.5761250257492065,
        "center_z": 0.46193748712539673,
        "data_mismatch": 1.1229817203958092,
        "index_x": 4,
        "index_z": 1,
        "kind": "ellipse",
        "level": 1,
        "metric": "l2",
        "mismatch": 1.1229817203958092,
        "probability": 0.031576455412632154,
        "radius_x": 0.17,
        "radius_z": 0.095,
        "stage": "ellipse-refine"
      },
      {
        "angle_degrees": 25.0,
        "anomaly_velocity": 2.2,
        "center_x": 0.5380625128746033,
        "center_z": 0.42387500405311584,
        "data_mismatch": 1.141004799043455,
        "index_x": 3,
        "index_z": 0,
        "kind": "ellipse",
        "level": 1,
        "metric": "l2",
        "mismatch": 1.141004799043455,
        "probability": 0.03146044605490443,
        "radius_x": 0.17,
        "radius_z": 0.095,
        "stage": "ellipse-refine"
      },
      {
        "angle_degrees": 25.0,
        "anomaly_velocity": 2.2,
        "center_x": 0.5761250257492065,
        "center_z": 0.5,
        "data_mismatch": 1.274911297045842,
        "index_x": 4,
        "index_z": 2,
        "kind": "ellipse",
        "level": 1,
        "metric": "l2",
        "mismatch": 1.274911297045842,
        "probability": 0.03061177083380621,
        "radius_x": 0.17,
        "radius_z": 0.095,
        "stage": "ellipse-refine"
      },
      {
        "angle_degrees": 25.0,
        "anomaly_velocity": 2.2,
        "center_x": 0.5,
        "center_z": 0.42387500405311584,
        "data_mismatch": 1.2876201110655514,
        "index_x": 2,
        "index_z": 0,
        "kind": "ellipse",
        "level": 1,
        "metric": "l2",
        "mismatch": 1.2876201110655514,
        "probability": 0.030532423984214675,
        "radius_x": 0.17,
        "radius_z": 0.095,
        "stage": "ellipse-refine"
      },
      {
        "angle_degrees": 25.0,
        "anomaly_velocity": 2.2,
        "center_x": 0.5,
        "center_z": 0.46193748712539673,
        "data_mismatch": 1.32308226271051,
        "index_x": 2,
        "index_z": 1,
        "kind": "ellipse",
        "level": 1,
        "metric": "l2",
        "mismatch": 1.32308226271051,
        "probability": 0.030312103749165792,
        "radius_x": 0.17,
        "radius_z": 0.095,
        "stage": "ellipse-refine"
      },
      {
        "angle_degrees": 25.0,
        "anomaly_velocity": 2.2,
        "center_x": 0.5761250257492065,
        "center_z": 0.42387500405311584,
        "data_mismatch": 1.460257406126944,
        "index_x": 4,
        "index_z": 0,
        "kind": "ellipse",
        "level": 1,
        "metric": "l2",
        "mismatch": 1.460257406126944,
        "probability": 0.02947472446407564,
        "radius_x": 0.17,
        "radius_z": 0.095,
        "stage": "ellipse-refine"
      },
      {
        "angle_degrees": 25.0,
        "anomaly_velocity": 2.2,
        "center_x": 0.5,
        "center_z": 0.5380625128746033,
        "data_mismatch": 1.619779512024495,
        "index_x": 2,
        "index_z": 3,
        "kind": "ellipse",
        "level": 1,
        "metric": "l2",
        "mismatch": 1.619779512024495,
        "probability": 0.028529977845542266,
        "radius_x": 0.17,
        "radius_z": 0.095,
        "stage": "ellipse-refine"
      },
      {
        "angle_degrees": 25.0,
        "anomaly_velocity": 2.2,
        "center_x": 0.46193748712539673,
        "center_z": 0.5,
        "data_mismatch": 1.719449650919872,
        "index_x": 1,
        "index_z": 2,
        "kind": "ellipse",
        "level": 1,
        "metric": "l2",
        "mismatch": 1.719449650919872,
        "probability": 0.02795512895067534,
        "radius_x": 0.17,
        "radius_z": 0.095,
        "stage": "ellipse-refine"
      },
      {
        "angle_degrees": 25.0,
        "anomaly_velocity": 2.2,
        "center_x": 0.5,
        "center_z": 0.19550000131130219,
        "data_mismatch": 1.7209181805554314,
        "index_x": 2,
        "index_z": 0,
        "kind": "ellipse",
        "level": 0,
        "metric": "l2",
        "mismatch": 1.7209181805554314,
        "probability": 0.027946746350226433,
        "radius_x": 0.17,
        "radius_z": 0.095,
        "stage": "ellipse"
      },
      {
        "angle_degrees": 25.0,
        "anomaly_velocity": 2.2,
        "center_x": 0.46193748712539673,
        "center_z": 0.42387500405311584,
        "data_mismatch": 1.7494216101137352,
        "index_x": 1,
        "index_z": 0,
        "kind": "ellipse",
        "level": 1,
        "metric": "l2",
        "mismatch": 1.7494216101137352,
        "probability": 0.027784541197804484,
        "radius_x": 0.17,
        "radius_z": 0.095,
        "stage": "ellipse-refine"
      },
      {
        "angle_degrees": 25.0,
        "anomaly_velocity": 2.2,
        "center_x": 0.46193748712539673,
        "center_z": 0.46193748712539673,
        "data_mismatch": 1.8161744615266562,
        "index_x": 1,
        "index_z": 1,
        "kind": "ellipse",
        "level": 1,
        "metric": "l2",
        "mismatch": 1.8161744615266562,
        "probability": 0.027408343729555466,
        "radius_x": 0.17,
        "radius_z": 0.095,
        "stage": "ellipse-refine"
      },
      {
        "angle_degrees": 25.0,
        "anomaly_velocity": 2.2,
        "center_x": 0.5,
        "center_z": 0.3477500081062317,
        "data_mismatch": 1.8854098409926583,
        "index_x": 2,
        "index_z": 1,
        "kind": "ellipse",
        "level": 0,
        "metric": "l2",
        "mismatch": 1.8854098409926583,
        "probability": 0.027023535943578647,
        "radius_x": 0.17,
        "radius_z": 0.095,
        "stage": "ellipse"
      },
      {
        "angle_degrees": 25.0,
        "anomaly_velocity": 2.2,
        "center_x": 0.5380625128746033,
        "center_z": 0.5761250257492065,
        "data_mismatch": 1.9006536359145452,
        "index_x": 3,
        "index_z": 4,
        "kind": "ellipse",
        "level": 1,
        "metric": "l2",
        "mismatch": 1.9006536359145452,
        "probability": 0.0269395398440254,
        "radius_x": 0.17,
        "radius_z": 0.095,
        "stage": "ellipse-refine"
      },
      {
        "angle_degrees": 25.0,
        "anomaly_velocity": 2.2,
        "center_x": 0.5761250257492065,
        "center_z": 0.5761250257492065,
        "data_mismatch": 1.9586855221757606,
        "index_x": 4,
        "index_z": 4,
        "kind": "ellipse",
        "level": 1,
        "metric": "l2",
        "mismatch": 1.9586855221757606,
        "probability": 0.026622155430210893,
        "radius_x": 0.17,
        "radius_z": 0.095,
        "stage": "ellipse-refine"
      }
    ]
  },
  "world_path": "wavesleuth_v1_audit_20260816T191644Z/blind/challenge_ellipse_blind/worlds/ellipse-easy.json"
}
