$ wavesleuth-devito challenge-suite --out-dir wavesleuth_v1_audit_20260816T191644Z/release/release_suite --quiet

{
  "challenge_names": [
    "circle-easy",
    "ellipse-easy",
    "circle-radius-velocity-staged",
    "mask-cell-easy"
  ],
  "leaderboard": [
    {
      "best_candidate": {
        "active_cell_count": 5.0,
        "anomaly_velocity": 2.2,
        "center_x": 0.5509,
        "center_z": 0.5509,
        "kind": "mask-blocks",
        "mismatch": 0.0
      },
      "blind": false,
      "center_error": 0.0,
      "challenge": "mask-cell-easy",
      "difficulty": "medium",
      "experimental": false,
      "forward_runs": 171,
      "iou": 1.0,
      "normalized_center_error": 0.0,
      "path": "wavesleuth_v1_audit_20260816T191644Z/release/release_suite/mask-cell-easy/challenge_summary.json",
      "runtime_seconds": 1.825,
      "score": 82.57
    },
    {
      "best_candidate": {
        "anomaly_velocity": 2.2,
        "center_x": 0.546,
        "center_z": 0.5,
        "mismatch": 0.407072,
        "radius": 0.12
      },
      "blind": false,
      "center_error": 0.0204,
      "challenge": "circle-easy",
      "difficulty": "easy",
      "experimental": false,
      "forward_runs": 50,
      "iou": 0.8,
      "normalized_center_error": 0.0144,
      "path": "wavesleuth_v1_audit_20260816T191644Z/release/release_suite/circle-easy/challenge_summary.json",
      "radius_error": 0.0,
      "relative_velocity_error": 0.0,
      "runtime_seconds": 1.43,
      "score": 71.962,
      "velocity_error": 0.0
    },
    {
      "angle_error_degrees": 0.0,
      "best_candidate": {
        "angle_degrees": 25.0,
        "anomaly_velocity": 2.2,
        "center_x": 0.5381,
        "center_z": 0.5,
        "kind": "ellipse",
        "mismatch": 0.526984,
        "radius_x": 0.17,
        "radius_z": 0.095
      },
      "blind": false,
      "center_error": 0.0201,
      "challenge": "ellipse-easy",
      "difficulty": "medium",
      "experimental": false,
      "forward_runs": 50,
      "iou": 0.787,
      "normalized_center_error": 0.0142,
      "path": "wavesleuth_v1_audit_20260816T191644Z/release/release_suite/ellipse-easy/challenge_summary.json",
      "radius_x_error": 0.0,
      "radius_z_error": 0.0,
      "relative_velocity_error": 0.0,
      "runtime_seconds": 0.967,
      "score": 70.632,
      "velocity_error": 0.0
    },
    {
      "best_candidate": {
        "anomaly_velocity": 2.41,
        "center_x": 0.5523,
        "center_z": 0.5105,
        "mismatch": 0.263873,
        "radius": 0.12
      },
      "blind": false,
      "center_error": 0.0098,
      "challenge": "circle-radius-velocity-staged",
      "difficulty": "hard",
      "experimental": false,
      "forward_runs": 200,
      "iou": 0.895,
      "normalized_center_error": 0.0069,
      "path": "wavesleuth_v1_audit_20260816T191644Z/release/release_suite/circle-radius-velocity-staged/challenge_summary.json",
      "radius_error": 0.0,
      "relative_velocity_error": 0.0955,
      "runtime_seconds": 1.818,
      "score": 69.627,
      "velocity_error": 0.21
    }
  ],
  "out_dir": "wavesleuth_v1_audit_20260816T191644Z/release/release_suite",
  "suite": "v0.9-standard-challenge-suite",
  "validation_ok": true
}
