$ wavesleuth-devito doctor --try-devito

{
  "created_utc": "2026-08-16T19:16:50+00:00",
  "devito_import": {
    "ok": true,
    "version": "4.8.23"
  },
  "modules": {
    "devito": true,
    "matplotlib": true,
    "numpy": true,
    "pytest": true
  },
  "notes": [
    "Devito is only required for simulation/inversion commands.",
    "v0.9 doctor does not run a numerical simulation unless future checks explicitly add one."
  ],
  "package": {
    "name": "WaveSleuth-Devito",
    "version": "0.9.1",
    "version_tuple": [
      0,
      9,
      1
    ]
  },
  "project": "WaveSleuth-Devito",
  "python": {
    "implementation": "CPython",
    "platform": "Linux-6.18.33.2-microsoft-standard-WSL2-x86_64-with-glibc2.39",
    "version": "3.12.3"
  },
  "release_schema_version": "0.9.1",
  "version": "0.9.1"
}
