$ git log --oneline -n 25

2d3d04b gitignore update
b73cba2 Docs previously ignored
941d3c2 v0.9 additions: release-hardening helpers, new CLI commands, artifact validation for world JSON files, run NPZ files, reconstruction JSON files, challenge directories, active-demo directories, schema normalization, docs, regresison tests
5860d4b v0.8.3 additions: sets mask-cell-easy objective explicitly, fixes the challenge runner so it actually passes normalize_traces into greedy_cell_search_mask_blocks
2f1d50e v0.8.2 additions: recalibrates mask-cell-easy to match the working manual baseline, changes mask-cell-easy difficulty from hard to medium
2fdf4f9 v0.8 additions: mask-blocks world generates and simulates, cell-search evaluates real Devito candidates, reconstruction JSON contains active cells, visualization shows true mask and predicted mask, scoring reports mask IoU, mask-cell-easy appears on the leaderboard; v0.8.1 additions: small regression test to prevent old exact-version assertions from returning
49a4428 v0.7.1 additions: version bump, normalizes sequential trace shapeadds per-round active trace metadata, adds per-round uncertainty metrics to active_summary.json, adds active source-layout figure, improves active HTML report, adds active-leaderboard command, adds focused regression tests; v0.7.2 additions: version bump, restores normal single-source simulation behavior, keeps active-demo saved files standardized, moves active trace-shape normalization into active.py only, adds a regression test for v0.7.1 test failures
49708f1 v0.7 additions: version bump, adds active-demo, adds a deterministic multi-round active-sensing loop, adds active source-selection strategies, adds active source pools, supports active demos for circle and ellipse, writes active outputs, adds focused non-Devito tests for active source-selection logic
c0fc07d v0.6.1 additions: version bump, adds explicit secret-world hashes, makes secret_world_sha256 and secret_world_file_sha256 match the saved secret-world file bytes; so shell tools like sha256sum are directly useful, keeps secret_world_canonical_sha256 for formatting-independent JSON-object comparison, fixes secret so it uses the secret world and overlays the tru anomaly plus reconstruction, keeps public blind figures redacted, adds focused regression tests
6ce94e0 v0.5.1 additions: version bump, fixes ellipse/refined search uncertainty weighting by centering probabilities using the best/min mismatch per unique center, updates uncertainty diagnostics, makes reports backfill corrected uncertainty summaries for old recon JSONs, clarifies ellipse easy as a known shape challenge: axes, angle, and velocity are held fixed; center is unknown, cleans leaderboard output by omitting non applicable null fields, adds focused regression tests for the cleanup behavior
fb649cd pushing some important folders that were gitignored
e00bf8a removing artifacts and output folders
ea27ae0 v0.5 additions: new generated world kinds, first non circle inversion method, new challenge
5aac9d0 v0.4.1 additions: package version bump, adds velocity recovery diagnostics, updates score_reconstruction so reconstruction JSONs now score anomaly velocity when the true world metadata and best candidate velocity are available, updates challenge leaderboards to display, backfills velocity-error fields for old v0.4 challenge summaries when their reconstruction JSONs are available, updates reports, updates uncertainty plots, adds focused tests
bf9d019 deleted junk files and copy artifacts
44e2493 v0.4 additions: search center first using nominal radius/velocity, keep top-K plausible centers, search radius/velocity only around those centers, optionally do a final local center poish
d689d38 v0.3.2 additions: package version bump, challenge runs clean  known challenge-owned outputs by default to prevent stale files from previous challenges from lingering in reused folders, adds challenge preservation flags, removes runtime from the default challenge score, leaderboard can display stable scores even for older summaries, HTML reports now backfill uncertainty diagnostics for old reconstruction JSONs, adds focused regression tests for runtime free scoring, challenge cleanup, report uncertainty backfill, and old summaru leaderboard score recomputation
78f261c v0.3.1 additions: fix singleton uncertainty/image extent warnings, add effective_candidates to uncertainty summaries, round leaderboard scores and runtimes, add difficulty labels to challenge summaries, mark radius/velocity challenge as hard/experimental instead of letting it look like a normal failure
47cc8a3 v0.3 additions: radius and velocity search, noisy observations, more acquisition presets, simple sponge boundary damping, challenge mode, leaderboard collection, acquisition comparison, HTML reports
d8d20ed v0.3 additions: radius and velocity search, noisy observations, more acquisition presets, simple sponge boundary damping, uncertainty visualization, challenge mode, leaderboard collection, acquisition comparison, HTML reports
712baba v0.2 additions: differential inversion, sequential multi-shot acquisition, local grid refinement, better objective controls, better reconstruction diagnostics, reusable Devito forward engine
39029a0 First commit v0.1
