$ git diff

diff --git a/CHANGELOG.md b/CHANGELOG.md
index 1b7ccc4..c295a96 100644
--- a/CHANGELOG.md
+++ b/CHANGELOG.md
@@ -1,5 +1,12 @@
 # Changelog
 
+## 0.9.1
+
+- Fixed active-demo artifact validation in release hardening.
+- Made blind public worlds expose top-level `blind` and `answer_hidden` markers in addition to nested metadata.
+- Kept numerical simulation and inversion behavior unchanged.
+
+
 ## v0.9.0
 
 Release-hardening pass.
diff --git a/pyproject.toml b/pyproject.toml
index fd95e9b..a59e07f 100644
--- a/pyproject.toml
+++ b/pyproject.toml
@@ -4,7 +4,7 @@ build-backend = "setuptools.build_meta"
 
 [project]
 name = "wavesleuth-devito"
-version = "0.9.0"
+version = "0.9.1"
 description = "A toy inverse-physics playground using Devito acoustic wave simulation."
 readme = "README.md"
 requires-python = ">=3.10"
diff --git a/src/wavesleuth_devito/blind.py b/src/wavesleuth_devito/blind.py
index ab95626..a0adf93 100644
--- a/src/wavesleuth_devito/blind.py
+++ b/src/wavesleuth_devito/blind.py
@@ -14,7 +14,7 @@ from .exceptions import ValidationError
 from .io import array_string, ensure_parent
 from .world import background_velocity_model_from_world, validate_world
 
-PUBLIC_SCHEMA_VERSION = "0.6.1"
+PUBLIC_SCHEMA_VERSION = "0.9.1"
 
 
 def canonical_json(data: dict[str, Any]) -> str:
@@ -68,6 +68,8 @@ def is_blind_public_world(world: dict[str, Any]) -> bool:
     """Return True if `world` is public metadata for a blind challenge."""
     if not isinstance(world, dict):
         return False
+    if bool(world.get("blind", False)) or bool(world.get("answer_hidden", False)):
+        return True
     marker = world.get("blind_public_metadata")
     if isinstance(marker, dict):
         return bool(marker.get("blind", marker.get("answer_hidden", False)))
@@ -91,6 +93,9 @@ def public_world_from_secret(secret_world: dict[str, Any], *, challenge: str | N
     mid_x = 0.5 * float(grid["extent_x"])
     mid_z = 0.5 * float(grid["extent_z"])
     public["name"] = f"{secret_world.get('name', challenge or 'challenge')}_public"
+    public["blind"] = True
+    public["answer_hidden"] = True
+    public["blind_schema_version"] = PUBLIC_SCHEMA_VERSION
     anomaly = public.get("medium", {}).get("anomaly", {})
     kind = str(anomaly.get("kind"))
 
diff --git a/src/wavesleuth_devito/metadata.py b/src/wavesleuth_devito/metadata.py
index 290a539..636f240 100644
--- a/src/wavesleuth_devito/metadata.py
+++ b/src/wavesleuth_devito/metadata.py
@@ -6,7 +6,7 @@ from datetime import datetime, timezone
 from typing import Any
 
 PROJECT_NAME = "WaveSleuth-Devito"
-__version__ = "0.9.0"
+__version__ = "0.9.1"
 
 
 def utc_timestamp() -> str:
diff --git a/src/wavesleuth_devito/release.py b/src/wavesleuth_devito/release.py
index 220df4f..32f749b 100644
--- a/src/wavesleuth_devito/release.py
+++ b/src/wavesleuth_devito/release.py
@@ -21,7 +21,7 @@ from .io import load_json, load_run_npz, world_from_run, save_json, ensure_paren
 from .metadata import PROJECT_NAME, __version__, base_metadata
 from .world import validate_world, velocity_model_from_world, anomaly_kind
 
-RELEASE_SCHEMA_VERSION = "0.9.0"
+RELEASE_SCHEMA_VERSION = "0.9.1"
 DEFAULT_RELEASE_CHALLENGES = (
     "circle-easy",
     "ellipse-easy",
@@ -313,7 +313,7 @@ def validate_active_directory(path: str | Path) -> dict[str, Any]:
         extra.update(
             {
                 "strategy": summary.get("strategy"),
-                "kind": summary.get("kind"),
+                "active_target_kind": summary.get("kind"),
                 "round_count": len(rounds) if isinstance(rounds, list) else None,
                 "initial_reconstruction_score": summary.get("initial_reconstruction_score"),
                 "final_reconstruction_score": summary.get("final_reconstruction_score"),
@@ -443,6 +443,7 @@ def generate_release_html_report(
     validation_rows = [
         {
             "kind": item.get("kind"),
+            "active_target_kind": item.get("active_target_kind"),
             "ok": item.get("ok"),
             "path": item.get("path"),
             "errors": "; ".join(item.get("errors", [])),
@@ -454,7 +455,7 @@ def generate_release_html_report(
 <html>
 <head>
   <meta charset=\"utf-8\">
-  <title>WaveSleuth-Devito v0.9 Release Report</title>
+  <title>WaveSleuth-Devito v0.9.1 Release Report</title>
   <style>
     body {{ font-family: sans-serif; line-height: 1.4; max-width: 1100px; margin: 2rem auto; padding: 0 1rem; }}
     table {{ border-collapse: collapse; width: 100%; margin: 1rem 0; }}
@@ -464,7 +465,7 @@ def generate_release_html_report(
   </style>
 </head>
 <body>
-  <h1>WaveSleuth-Devito v0.9 Release Report</h1>
+  <h1>WaveSleuth-Devito v0.9.1 Release Report</h1>
   <p>Package version: <code>{html.escape(__version__)}</code>. Schema version: <code>{RELEASE_SCHEMA_VERSION}</code>.</p>
   <h2>Challenge leaderboard</h2>
   {_html_table(challenge_rows, challenge_columns)}
@@ -474,7 +475,7 @@ def generate_release_html_report(
   <p>Overall validation status: <strong>{html.escape(str(validation.get('ok')))}</strong></p>
   {_html_table(validation_rows, ['kind', 'ok', 'path', 'errors', 'warnings'])}
   <h2>Notes</h2>
-  <p>v0.9 is a hardening release. It does not alter Devito simulation or inversion numerics.</p>
+  <p>v0.9.1 is a hardening cleanup release. It does not alter Devito simulation or inversion numerics.</p>
 </body>
 </html>
 """
