$ wavesleuth-devito challenge --help

usage: wavesleuth-devito challenge [-h] --out-dir OUT_DIR
                                   [--candidate-grid-size CANDIDATE_GRID_SIZE]
                                   [--refine-levels REFINE_LEVELS] [--clean]
                                   [--no-clean] [--blind] [--quiet]
                                   {circle-easy,circle-noisy,circle-limited-angle,circle-radius-velocity,circle-radius-velocity-staged,ellipse-easy,mask-cell-easy}

positional arguments:
  {circle-easy,circle-noisy,circle-limited-angle,circle-radius-velocity,circle-radius-velocity-staged,ellipse-easy,mask-cell-easy}

options:
  -h, --help            show this help message and exit
  --out-dir OUT_DIR
  --candidate-grid-size CANDIDATE_GRID_SIZE
  --refine-levels REFINE_LEVELS
  --clean               Clean challenge-owned outputs before running. This is
                        the default in v0.3.2.
  --no-clean, --keep-existing
                        Preserve existing files in the challenge output
                        directory.
  --blind               Write public observations and secret answer metadata
                        separately.
  --quiet
