$ python -m pip freeze

anytree==2.13.0
cgen==2025.1
codepy==2023.1
contourpy==1.3.3
cycler==0.12.1
devito==4.8.23
fonttools==4.63.0
iniconfig==2.3.0
kiwisolver==1.5.0
matplotlib==3.11.1
mpmath==1.3.0
multidict==6.2.0
numpy==2.4.3
packaging==26.2
pillow==12.3.0
platformdirs==4.11.3
pluggy==1.6.0
psutil==7.2.2
py-cpuinfo==9.0.0
Pygments==2.20.0
pyparsing==3.3.2
pytest==9.1.1
python-dateutil==2.9.0.post0
pytools==2026.1.1
siphash24==1.8
six==1.17.0
sympy==1.14.0
typing_extensions==4.16.0
-e git+https://github.com/guptaaryanr/wavesleuth-devito.git@2d3d04b7fe8829f438eb568a2797ea16b6456085#egg=wavesleuth_devito
