$ wavesleuth-devito score-challenge wavesleuth_v1_audit_20260816T191644Z/blind/challenge_ellipse_blind

{
  "blind": true,
  "challenge": "ellipse-easy",
  "challenge_score": {
    "formula": "100*IoU - 20*normalized_center_error - 0.08*forward_runs - 0.75*sources - 0.15*receivers",
    "iou": 0.7866666666666666,
    "n_forward_runs": 50,
    "n_receivers": 10,
    "n_sources": 3,
    "normalized_center_error": 0.01420834009237319,
    "notes": [
      "runtime_seconds is reported for diagnostics but is not part of the default v0.3.2 score."
    ],
    "runtime_scored": false,
    "runtime_seconds": 1.426883212000007,
    "score": 70.6324998648192,
    "supported": true
  },
  "physical_score": {
    "angle_error_degrees": 0.0,
    "anomaly_velocity_error": 0.0,
    "best_mismatch": 0.526984238585016,
    "center_error": 0.020093627257443562,
    "contrast_error": 0.0,
    "iou": 0.7866666666666666,
    "normalized_center_error": 0.01420834009237319,
    "predicted_anomaly_velocity": 2.2,
    "radius_x_error": 0.0,
    "radius_z_error": 0.0,
    "reconstruction_score": 0.7866666666666666,
    "relative_anomaly_velocity_error": 0.0,
    "relative_contrast_error": 0.0,
    "relative_velocity_error": 0.0,
    "supported": true,
    "target_kind": "ellipse",
    "true_anomaly_velocity": 2.2,
    "velocity_error": 0.0
  },
  "reconstruction_path": "wavesleuth_v1_audit_20260816T191644Z/blind/challenge_ellipse_blind/runs/ellipse-easy_recon.json",
  "schema_notes": [
    "v0.9 preferred fields: physical_score is reconstruction quality; challenge_score is the budgeted game score."
  ],
  "schema_version": "0.9.0",
  "score": {
    "angle_error_degrees": 0.0,
    "anomaly_velocity_error": 0.0,
    "best_mismatch": 0.526984238585016,
    "center_error": 0.020093627257443562,
    "contrast_error": 0.0,
    "iou": 0.7866666666666666,
    "normalized_center_error": 0.01420834009237319,
    "predicted_anomaly_velocity": 2.2,
    "radius_x_error": 0.0,
    "radius_z_error": 0.0,
    "reconstruction_score": 0.7866666666666666,
    "relative_anomaly_velocity_error": 0.0,
    "relative_contrast_error": 0.0,
    "relative_velocity_error": 0.0,
    "supported": true,
    "target_kind": "ellipse",
    "true_anomaly_velocity": 2.2,
    "velocity_error": 0.0
  },
  "secret_world_canonical_sha256": "e3c02d2171acba3495b8b87740eb6074f0b4965501ca55ab54b3c8b26a90ae7d",
  "secret_world_file_sha256": "11e4187961ed998fa9caa1125da882fb3a838ffa10b32c108aa1338c4c42097a",
  "secret_world_path": "wavesleuth_v1_audit_20260816T191644Z/blind/challenge_ellipse_blind/secret/ellipse-easy_secret_world.json",
  "secret_world_sha256": "11e4187961ed998fa9caa1125da882fb3a838ffa10b32c108aa1338c4c42097a",
  "updated_reconstruction": false
}
